// Jest Snapshot v1, https://goo.gl/fbAQLP

exports[`renders correctly for a basic RadioGroupField 1`] = `
.c0 {
  margin: unset;
  padding: unset;
  border: unset;
  background: unset;
  font: unset;
  font-family: inherit;
  font-size: 100%;
  box-sizing: border-box;
  background-color: unset;
  color: inherit;
}

.c5 {
  margin: unset;
  padding: unset;
  border: unset;
  background: unset;
  font: unset;
  font-family: inherit;
  font-size: 100%;
  box-sizing: border-box;
  background-color: unset;
  color: inherit;
  margin-bottom: 0.25rem !important;
}

.c7 {
  margin: unset;
  padding: unset;
  border: unset;
  background: unset;
  font: unset;
  font-family: inherit;
  font-size: 100%;
  box-sizing: border-box;
  background-color: unset;
  color: inherit;
  margin-top: 0.5rem !important;
}

.c11 {
  margin: unset;
  padding: unset;
  border: unset;
  background: unset;
  font: unset;
  font-family: inherit;
  font-size: 100%;
  box-sizing: border-box;
  background-color: white;
  color: inherit;
}

.c15 {
  margin: unset;
  padding: unset;
  border: unset;
  background: unset;
  font: unset;
  font-family: inherit;
  font-size: 100%;
  box-sizing: border-box;
  background-color: unset;
  color: inherit;
  margin-left: 0.5rem !important;
}

.c4 {
  display: inline-block;
}

.c1 {
  display: -webkit-box;
  display: -webkit-flex;
  display: -ms-flexbox;
  display: flex;
}

.c13 {
  border: 1px solid #bdbdbd;
  box-shadow: inset 0px 1px 2px #e5e5e5;
  border-radius: 100%;
  height: 1em;
  position: relative;
  width: 1em;
}

.c10 {
  -webkit-clip: rect(0,0,0,0);
  clip: rect(0,0,0,0);
  height: 1px;
  margin: -1px;
  overflow: hidden;
  position: absolute;
  width: 1px;
}

.c10[disabled] + .c12 {
  background-color: #f2f2f2;
  box-shadow: unset;
}

.c10:checked:focus + .c12 {
  border-color: #7467c0;
  box-shadow: #7467c0 0px 0px 0px 1px !important;
}

.c10:focus + .c12 {
  border-color: #7467c0;
  box-shadow: #7467c0 0px 0px 0px 1px !important;
}

.c10:not([disabled]):checked + .c12 {
  border-color: #7467c0;
}

.c10:checked + .c12::before {
  background: #7467c0;
  border-radius: 50%;
  content: '';
  height: 8px;
  left: 50%;
  position: absolute;
  top: 50%;
  -webkit-transform: translate(-50%,-50%);
  -ms-transform: translate(-50%,-50%);
  transform: translate(-50%,-50%);
  width: 8px;
}

.c10[disabled]:checked + .c12::before {
  background: #9a9a9a;
}

.c9 {
  display: -webkit-box;
  display: -webkit-flex;
  display: -ms-flexbox;
  display: flex;
  -webkit-align-items: center;
  -webkit-box-align: center;
  -ms-flex-align: center;
  align-items: center;
}

.c6 .c8:not(:last-child) {
  margin-bottom: 0.5rem;
}

abbr.c14 {
  border-bottom: 1px dotted;
  cursor: help;
  -webkit-text-decoration: none;
  text-decoration: none;
}

i.c14 {
  font-style: italic;
}

kbd.c14 {
  background: #454d5d;
  border-radius: 0.1rem;
  color: #fff;
  fill: #fff;
  padding: 0.1rem 0.2rem;
}

mark.c14 {
  background: #ffe9b3;
  border-radius: 0.1rem;
  padding: 0.1rem 0.2rem;
}

strong.c14 {
  font-weight: bold;
}

sub.c14,
sup.c14 {
  font-size: 0.8em;
  vertical-align: baseline;
}

ins.c14,
u.c14 {
  -webkit-text-decoration-skip: ink edges;
  text-decoration-skip: ink edges;
}

i.c14,
cite.c14,
var.c14,
em.c14 {
  font-style: italic;
}

kbd.c14,
pre.c14,
samp.c14 {
  font-family: 'SF Mono','Segoe UI Mono','Roboto Mono',Menlo,Courier,monospace;
}

.c14 .c16 {
  top: 0.1em;
}

.c3 {
  display: block;
}

.c2 {
  margin-bottom: 0 !important;
}

<div
  class="c0"
  display="inline-block"
  style="display: inline-block;"
>
  <div
    class="c1 c0"
    style="align-items: center;"
  >
    <label
      class="c2 c3 c4 c5"
      font-weight="600"
      for="weather"
      style="font-weight: 600;"
    >
      Weather
    </label>
  </div>
  <div />
  <div
    aria-describedby="label"
    aria-invalid="false"
    class="c6 c7"
    role="group"
  >
    <label
      aria-describedby="label"
      aria-invalid="false"
      aria-label="Sunny"
      aria-required="false"
      class="c8 c9 c4 c0"
    >
      <input
        class="c10 c11"
        id="weather"
        name="weather"
        type="radio"
        value="\\"sunny\\""
      />
      <div
        class="c12 c13 c0"
      />
      <span
        class="c14 c15"
        for="weather"
        id="label"
      >
        Sunny
      </span>
    </label>
    <label
      aria-describedby="label"
      aria-invalid="false"
      aria-label="Windy"
      aria-required="false"
      class="c8 c9 c4 c0"
    >
      <input
        class="c10 c11"
        id="weather"
        name="weather"
        type="radio"
        value="\\"windy\\""
      />
      <div
        class="c12 c13 c0"
      />
      <span
        class="c14 c15"
        for="weather"
        id="label"
      >
        Windy
      </span>
    </label>
    <label
      aria-describedby="label"
      aria-invalid="false"
      aria-label="Overcast"
      aria-required="false"
      class="c8 c9 c4 c0"
    >
      <input
        class="c10 c11"
        id="weather"
        name="weather"
        type="radio"
        value="\\"overcast\\""
      />
      <div
        class="c12 c13 c0"
      />
      <span
        class="c14 c15"
        for="weather"
        id="label"
      >
        Overcast
      </span>
    </label>
  </div>
  <div />
</div>
`;

exports[`renders correctly for a disabled RadioGroupField 1`] = `
.c0 {
  margin: unset;
  padding: unset;
  border: unset;
  background: unset;
  font: unset;
  font-family: inherit;
  font-size: 100%;
  box-sizing: border-box;
  background-color: unset;
  color: inherit;
}

.c5 {
  margin: unset;
  padding: unset;
  border: unset;
  background: unset;
  font: unset;
  font-family: inherit;
  font-size: 100%;
  box-sizing: border-box;
  background-color: unset;
  color: inherit;
  margin-bottom: 0.25rem !important;
}

.c7 {
  margin: unset;
  padding: unset;
  border: unset;
  background: unset;
  font: unset;
  font-family: inherit;
  font-size: 100%;
  box-sizing: border-box;
  background-color: unset;
  color: inherit;
  margin-top: 0.5rem !important;
}

.c11 {
  margin: unset;
  padding: unset;
  border: unset;
  background: unset;
  font: unset;
  font-family: inherit;
  font-size: 100%;
  box-sizing: border-box;
  background-color: white;
  color: inherit;
}

.c15 {
  margin: unset;
  padding: unset;
  border: unset;
  background: unset;
  font: unset;
  font-family: inherit;
  font-size: 100%;
  box-sizing: border-box;
  background-color: unset;
  color: inherit;
  margin-left: 0.5rem !important;
}

.c4 {
  display: inline-block;
}

.c1 {
  display: -webkit-box;
  display: -webkit-flex;
  display: -ms-flexbox;
  display: flex;
}

.c13 {
  border: 1px solid #bdbdbd;
  box-shadow: inset 0px 1px 2px #e5e5e5;
  border-radius: 100%;
  height: 1em;
  position: relative;
  width: 1em;
}

.c10 {
  -webkit-clip: rect(0,0,0,0);
  clip: rect(0,0,0,0);
  height: 1px;
  margin: -1px;
  overflow: hidden;
  position: absolute;
  width: 1px;
}

.c10[disabled] + .c12 {
  background-color: #f2f2f2;
  box-shadow: unset;
}

.c10:checked:focus + .c12 {
  border-color: #7467c0;
  box-shadow: #7467c0 0px 0px 0px 1px !important;
}

.c10:focus + .c12 {
  border-color: #7467c0;
  box-shadow: #7467c0 0px 0px 0px 1px !important;
}

.c10:not([disabled]):checked + .c12 {
  border-color: #7467c0;
}

.c10:checked + .c12::before {
  background: #7467c0;
  border-radius: 50%;
  content: '';
  height: 8px;
  left: 50%;
  position: absolute;
  top: 50%;
  -webkit-transform: translate(-50%,-50%);
  -ms-transform: translate(-50%,-50%);
  transform: translate(-50%,-50%);
  width: 8px;
}

.c10[disabled]:checked + .c12::before {
  background: #9a9a9a;
}

.c9 {
  display: -webkit-box;
  display: -webkit-flex;
  display: -ms-flexbox;
  display: flex;
  -webkit-align-items: center;
  -webkit-box-align: center;
  -ms-flex-align: center;
  align-items: center;
}

.c6 .c8:not(:last-child) {
  margin-bottom: 0.5rem;
}

abbr.c14 {
  border-bottom: 1px dotted;
  cursor: help;
  -webkit-text-decoration: none;
  text-decoration: none;
}

i.c14 {
  font-style: italic;
}

kbd.c14 {
  background: #454d5d;
  border-radius: 0.1rem;
  color: #fff;
  fill: #fff;
  padding: 0.1rem 0.2rem;
}

mark.c14 {
  background: #ffe9b3;
  border-radius: 0.1rem;
  padding: 0.1rem 0.2rem;
}

strong.c14 {
  font-weight: bold;
}

sub.c14,
sup.c14 {
  font-size: 0.8em;
  vertical-align: baseline;
}

ins.c14,
u.c14 {
  -webkit-text-decoration-skip: ink edges;
  text-decoration-skip: ink edges;
}

i.c14,
cite.c14,
var.c14,
em.c14 {
  font-style: italic;
}

kbd.c14,
pre.c14,
samp.c14 {
  font-family: 'SF Mono','Segoe UI Mono','Roboto Mono',Menlo,Courier,monospace;
}

.c14 .c16 {
  top: 0.1em;
}

.c3 {
  display: block;
}

.c2 {
  margin-bottom: 0 !important;
}

<div
  class="c0"
  display="inline-block"
  style="display: inline-block;"
>
  <div
    class="c1 c0"
    style="align-items: center;"
  >
    <label
      class="c2 c3 c4 c5"
      font-weight="600"
      for="weather"
      style="font-weight: 600;"
    >
      Weather
    </label>
  </div>
  <div />
  <div
    aria-describedby="label"
    aria-invalid="false"
    class="c6 c7"
    role="group"
  >
    <label
      aria-describedby="label"
      aria-invalid="false"
      aria-label="Sunny"
      aria-required="false"
      class="c8 c9 c4 c0"
    >
      <input
        class="c10 c11"
        disabled=""
        id="weather"
        name="weather"
        type="radio"
        value="\\"sunny\\""
      />
      <div
        class="c12 c13 c0"
      />
      <span
        class="c14 c15"
        for="weather"
        id="label"
      >
        Sunny
      </span>
    </label>
    <label
      aria-describedby="label"
      aria-invalid="false"
      aria-label="Windy"
      aria-required="false"
      class="c8 c9 c4 c0"
    >
      <input
        class="c10 c11"
        disabled=""
        id="weather"
        name="weather"
        type="radio"
        value="\\"windy\\""
      />
      <div
        class="c12 c13 c0"
      />
      <span
        class="c14 c15"
        for="weather"
        id="label"
      >
        Windy
      </span>
    </label>
    <label
      aria-describedby="label"
      aria-invalid="false"
      aria-label="Overcast"
      aria-required="false"
      class="c8 c9 c4 c0"
    >
      <input
        class="c10 c11"
        disabled=""
        id="weather"
        name="weather"
        type="radio"
        value="\\"overcast\\""
      />
      <div
        class="c12 c13 c0"
      />
      <span
        class="c14 c15"
        for="weather"
        id="label"
      >
        Overcast
      </span>
    </label>
  </div>
  <div />
</div>
`;

exports[`renders correctly for a disabled RadioGroupField option 1`] = `
.c0 {
  margin: unset;
  padding: unset;
  border: unset;
  background: unset;
  font: unset;
  font-family: inherit;
  font-size: 100%;
  box-sizing: border-box;
  background-color: unset;
  color: inherit;
}

.c5 {
  margin: unset;
  padding: unset;
  border: unset;
  background: unset;
  font: unset;
  font-family: inherit;
  font-size: 100%;
  box-sizing: border-box;
  background-color: unset;
  color: inherit;
  margin-bottom: 0.25rem !important;
}

.c7 {
  margin: unset;
  padding: unset;
  border: unset;
  background: unset;
  font: unset;
  font-family: inherit;
  font-size: 100%;
  box-sizing: border-box;
  background-color: unset;
  color: inherit;
  margin-top: 0.5rem !important;
}

.c11 {
  margin: unset;
  padding: unset;
  border: unset;
  background: unset;
  font: unset;
  font-family: inherit;
  font-size: 100%;
  box-sizing: border-box;
  background-color: white;
  color: inherit;
}

.c15 {
  margin: unset;
  padding: unset;
  border: unset;
  background: unset;
  font: unset;
  font-family: inherit;
  font-size: 100%;
  box-sizing: border-box;
  background-color: unset;
  color: inherit;
  margin-left: 0.5rem !important;
}

.c4 {
  display: inline-block;
}

.c1 {
  display: -webkit-box;
  display: -webkit-flex;
  display: -ms-flexbox;
  display: flex;
}

.c13 {
  border: 1px solid #bdbdbd;
  box-shadow: inset 0px 1px 2px #e5e5e5;
  border-radius: 100%;
  height: 1em;
  position: relative;
  width: 1em;
}

.c10 {
  -webkit-clip: rect(0,0,0,0);
  clip: rect(0,0,0,0);
  height: 1px;
  margin: -1px;
  overflow: hidden;
  position: absolute;
  width: 1px;
}

.c10[disabled] + .c12 {
  background-color: #f2f2f2;
  box-shadow: unset;
}

.c10:checked:focus + .c12 {
  border-color: #7467c0;
  box-shadow: #7467c0 0px 0px 0px 1px !important;
}

.c10:focus + .c12 {
  border-color: #7467c0;
  box-shadow: #7467c0 0px 0px 0px 1px !important;
}

.c10:not([disabled]):checked + .c12 {
  border-color: #7467c0;
}

.c10:checked + .c12::before {
  background: #7467c0;
  border-radius: 50%;
  content: '';
  height: 8px;
  left: 50%;
  position: absolute;
  top: 50%;
  -webkit-transform: translate(-50%,-50%);
  -ms-transform: translate(-50%,-50%);
  transform: translate(-50%,-50%);
  width: 8px;
}

.c10[disabled]:checked + .c12::before {
  background: #9a9a9a;
}

.c9 {
  display: -webkit-box;
  display: -webkit-flex;
  display: -ms-flexbox;
  display: flex;
  -webkit-align-items: center;
  -webkit-box-align: center;
  -ms-flex-align: center;
  align-items: center;
}

.c6 .c8:not(:last-child) {
  margin-bottom: 0.5rem;
}

abbr.c14 {
  border-bottom: 1px dotted;
  cursor: help;
  -webkit-text-decoration: none;
  text-decoration: none;
}

i.c14 {
  font-style: italic;
}

kbd.c14 {
  background: #454d5d;
  border-radius: 0.1rem;
  color: #fff;
  fill: #fff;
  padding: 0.1rem 0.2rem;
}

mark.c14 {
  background: #ffe9b3;
  border-radius: 0.1rem;
  padding: 0.1rem 0.2rem;
}

strong.c14 {
  font-weight: bold;
}

sub.c14,
sup.c14 {
  font-size: 0.8em;
  vertical-align: baseline;
}

ins.c14,
u.c14 {
  -webkit-text-decoration-skip: ink edges;
  text-decoration-skip: ink edges;
}

i.c14,
cite.c14,
var.c14,
em.c14 {
  font-style: italic;
}

kbd.c14,
pre.c14,
samp.c14 {
  font-family: 'SF Mono','Segoe UI Mono','Roboto Mono',Menlo,Courier,monospace;
}

.c14 .c16 {
  top: 0.1em;
}

.c3 {
  display: block;
}

.c2 {
  margin-bottom: 0 !important;
}

<div
  class="c0"
  display="inline-block"
  style="display: inline-block;"
>
  <div
    class="c1 c0"
    style="align-items: center;"
  >
    <label
      class="c2 c3 c4 c5"
      font-weight="600"
      for="weather"
      style="font-weight: 600;"
    >
      Weather
    </label>
  </div>
  <div />
  <div
    aria-describedby="label"
    aria-invalid="false"
    class="c6 c7"
    role="group"
  >
    <label
      aria-describedby="label"
      aria-invalid="false"
      aria-label="Sunny"
      aria-required="false"
      class="c8 c9 c4 c0"
    >
      <input
        class="c10 c11"
        disabled=""
        id="weather"
        name="weather"
        type="radio"
        value="\\"sunny\\""
      />
      <div
        class="c12 c13 c0"
      />
      <span
        class="c14 c15"
        for="weather"
        id="label"
      >
        Sunny
      </span>
    </label>
    <label
      aria-describedby="label"
      aria-invalid="false"
      aria-label="Windy"
      aria-required="false"
      class="c8 c9 c4 c0"
    >
      <input
        class="c10 c11"
        id="weather"
        name="weather"
        type="radio"
        value="\\"windy\\""
      />
      <div
        class="c12 c13 c0"
      />
      <span
        class="c14 c15"
        for="weather"
        id="label"
      >
        Windy
      </span>
    </label>
    <label
      aria-describedby="label"
      aria-invalid="false"
      aria-label="Overcast"
      aria-required="false"
      class="c8 c9 c4 c0"
    >
      <input
        class="c10 c11"
        id="weather"
        name="weather"
        type="radio"
        value="\\"overcast\\""
      />
      <div
        class="c12 c13 c0"
      />
      <span
        class="c14 c15"
        for="weather"
        id="label"
      >
        Overcast
      </span>
    </label>
  </div>
  <div />
</div>
`;

exports[`renders correctly for a required field 1`] = `
.c0 {
  margin: unset;
  padding: unset;
  border: unset;
  background: unset;
  font: unset;
  font-family: inherit;
  font-size: 100%;
  box-sizing: border-box;
  background-color: unset;
  color: inherit;
}

.c5 {
  margin: unset;
  padding: unset;
  border: unset;
  background: unset;
  font: unset;
  font-family: inherit;
  font-size: 100%;
  box-sizing: border-box;
  background-color: unset;
  color: inherit;
  margin-bottom: 0.25rem !important;
}

.c7 {
  margin: unset;
  padding: unset;
  border: unset;
  background: unset;
  font: unset;
  font-family: inherit;
  font-size: 100%;
  box-sizing: border-box;
  background-color: unset;
  color: inherit;
  margin-top: 0.5rem !important;
}

.c11 {
  margin: unset;
  padding: unset;
  border: unset;
  background: unset;
  font: unset;
  font-family: inherit;
  font-size: 100%;
  box-sizing: border-box;
  background-color: white;
  color: inherit;
}

.c15 {
  margin: unset;
  padding: unset;
  border: unset;
  background: unset;
  font: unset;
  font-family: inherit;
  font-size: 100%;
  box-sizing: border-box;
  background-color: unset;
  color: inherit;
  margin-left: 0.5rem !important;
}

.c4 {
  display: inline-block;
}

.c1 {
  display: -webkit-box;
  display: -webkit-flex;
  display: -ms-flexbox;
  display: flex;
}

.c13 {
  border: 1px solid #bdbdbd;
  box-shadow: inset 0px 1px 2px #e5e5e5;
  border-radius: 100%;
  height: 1em;
  position: relative;
  width: 1em;
}

.c10 {
  -webkit-clip: rect(0,0,0,0);
  clip: rect(0,0,0,0);
  height: 1px;
  margin: -1px;
  overflow: hidden;
  position: absolute;
  width: 1px;
}

.c10[disabled] + .c12 {
  background-color: #f2f2f2;
  box-shadow: unset;
}

.c10:checked:focus + .c12 {
  border-color: #7467c0;
  box-shadow: #7467c0 0px 0px 0px 1px !important;
}

.c10:focus + .c12 {
  border-color: #7467c0;
  box-shadow: #7467c0 0px 0px 0px 1px !important;
}

.c10:not([disabled]):checked + .c12 {
  border-color: #7467c0;
}

.c10:checked + .c12::before {
  background: #7467c0;
  border-radius: 50%;
  content: '';
  height: 8px;
  left: 50%;
  position: absolute;
  top: 50%;
  -webkit-transform: translate(-50%,-50%);
  -ms-transform: translate(-50%,-50%);
  transform: translate(-50%,-50%);
  width: 8px;
}

.c10[disabled]:checked + .c12::before {
  background: #9a9a9a;
}

.c16[disabled] + .c12 {
  background-color: #f2f2f2;
  box-shadow: unset;
}

.c16:checked:focus + .c12 {
  border-color: #7467c0;
  box-shadow: #7467c0 0px 0px 0px 1px !important;
}

.c16:focus + .c12 {
  border-color: #7467c0;
  box-shadow: #7467c0 0px 0px 0px 1px !important;
}

.c16:not([disabled]):checked + .c12 {
  border-color: #7467c0;
}

.c16:checked + .c12 {
  box-shadow: #7467c0 0px 0px 0px 1px !important;
}

.c16:checked + .c12::before {
  background: #7467c0;
  border-radius: 50%;
  content: '';
  height: 8px;
  left: 50%;
  position: absolute;
  top: 50%;
  -webkit-transform: translate(-50%,-50%);
  -ms-transform: translate(-50%,-50%);
  transform: translate(-50%,-50%);
  width: 8px;
}

.c16[disabled]:checked + .c12::before {
  background: #9a9a9a;
}

.c9 {
  display: -webkit-box;
  display: -webkit-flex;
  display: -ms-flexbox;
  display: flex;
  -webkit-align-items: center;
  -webkit-box-align: center;
  -ms-flex-align: center;
  align-items: center;
}

.c6 .c8:not(:last-child) {
  margin-bottom: 0.5rem;
}

abbr.c14 {
  border-bottom: 1px dotted;
  cursor: help;
  -webkit-text-decoration: none;
  text-decoration: none;
}

i.c14 {
  font-style: italic;
}

kbd.c14 {
  background: #454d5d;
  border-radius: 0.1rem;
  color: #fff;
  fill: #fff;
  padding: 0.1rem 0.2rem;
}

mark.c14 {
  background: #ffe9b3;
  border-radius: 0.1rem;
  padding: 0.1rem 0.2rem;
}

strong.c14 {
  font-weight: bold;
}

sub.c14,
sup.c14 {
  font-size: 0.8em;
  vertical-align: baseline;
}

ins.c14,
u.c14 {
  -webkit-text-decoration-skip: ink edges;
  text-decoration-skip: ink edges;
}

i.c14,
cite.c14,
var.c14,
em.c14 {
  font-style: italic;
}

kbd.c14,
pre.c14,
samp.c14 {
  font-family: 'SF Mono','Segoe UI Mono','Roboto Mono',Menlo,Courier,monospace;
}

.c14 .c17 {
  top: 0.1em;
}

.c3 {
  display: block;
}

.c2 {
  margin-bottom: 0 !important;
}

<div
  class="c0"
  display="inline-block"
  style="display: inline-block;"
>
  <div
    class="c1 c0"
    style="align-items: center;"
  >
    <label
      class="c2 c3 c4 c5"
      font-weight="600"
      for="username"
      style="font-weight: 600;"
    >
      Username
    </label>
  </div>
  <div />
  <div
    aria-describedby="label"
    aria-invalid="false"
    class="c6 c7"
    role="group"
  >
    <label
      aria-describedby="label"
      aria-invalid="false"
      aria-label="Sunny"
      aria-required="false"
      class="c8 c9 c4 c0"
    >
      <input
        class="c10 c11"
        id="username"
        name="weather"
        type="radio"
        value="\\"sunny\\""
      />
      <div
        class="c12 c13 c0"
      />
      <span
        class="c14 c15"
        for="username"
        id="label"
      >
        Sunny
      </span>
    </label>
    <label
      aria-describedby="label"
      aria-invalid="false"
      aria-label="Windy"
      aria-required="false"
      class="c8 c9 c4 c0"
    >
      <input
        class="c10 c11"
        id="username"
        name="weather"
        type="radio"
        value="\\"windy\\""
      />
      <div
        class="c12 c13 c0"
      />
      <span
        class="c14 c15"
        for="username"
        id="label"
      >
        Windy
      </span>
    </label>
    <label
      aria-describedby="label"
      aria-invalid="false"
      aria-label="Overcast"
      aria-required="false"
      class="c8 c9 c4 c0"
    >
      <input
        class="c10 c11"
        id="username"
        name="weather"
        type="radio"
        value="\\"overcast\\""
      />
      <div
        class="c12 c13 c0"
      />
      <span
        class="c14 c15"
        for="username"
        id="label"
      >
        Overcast
      </span>
    </label>
  </div>
  <div />
</div>
`;

exports[`renders correctly for an input field with a description 1`] = `
.c0 {
  margin: unset;
  padding: unset;
  border: unset;
  background: unset;
  font: unset;
  font-family: inherit;
  font-size: 100%;
  box-sizing: border-box;
  background-color: unset;
  color: inherit;
}

.c5 {
  margin: unset;
  padding: unset;
  border: unset;
  background: unset;
  font: unset;
  font-family: inherit;
  font-size: 100%;
  box-sizing: border-box;
  background-color: unset;
  color: inherit;
  margin-bottom: 0.25rem !important;
}

.c9 {
  margin: unset;
  padding: unset;
  border: unset;
  background: unset;
  font: unset;
  font-family: inherit;
  font-size: 100%;
  box-sizing: border-box;
  background-color: unset;
  color: inherit;
  margin-top: 0.5rem !important;
}

.c13 {
  margin: unset;
  padding: unset;
  border: unset;
  background: unset;
  font: unset;
  font-family: inherit;
  font-size: 100%;
  box-sizing: border-box;
  background-color: white;
  color: inherit;
}

.c16 {
  margin: unset;
  padding: unset;
  border: unset;
  background: unset;
  font: unset;
  font-family: inherit;
  font-size: 100%;
  box-sizing: border-box;
  background-color: unset;
  color: inherit;
  margin-left: 0.5rem !important;
}

.c4 {
  display: inline-block;
}

.c1 {
  display: -webkit-box;
  display: -webkit-flex;
  display: -ms-flexbox;
  display: flex;
}

.c15 {
  border: 1px solid #bdbdbd;
  box-shadow: inset 0px 1px 2px #e5e5e5;
  border-radius: 100%;
  height: 1em;
  position: relative;
  width: 1em;
}

.c12 {
  -webkit-clip: rect(0,0,0,0);
  clip: rect(0,0,0,0);
  height: 1px;
  margin: -1px;
  overflow: hidden;
  position: absolute;
  width: 1px;
}

.c12[disabled] + .c14 {
  background-color: #f2f2f2;
  box-shadow: unset;
}

.c12:checked:focus + .c14 {
  border-color: #7467c0;
  box-shadow: #7467c0 0px 0px 0px 1px !important;
}

.c12:focus + .c14 {
  border-color: #7467c0;
  box-shadow: #7467c0 0px 0px 0px 1px !important;
}

.c12:not([disabled]):checked + .c14 {
  border-color: #7467c0;
}

.c12:checked + .c14::before {
  background: #7467c0;
  border-radius: 50%;
  content: '';
  height: 8px;
  left: 50%;
  position: absolute;
  top: 50%;
  -webkit-transform: translate(-50%,-50%);
  -ms-transform: translate(-50%,-50%);
  transform: translate(-50%,-50%);
  width: 8px;
}

.c12[disabled]:checked + .c14::before {
  background: #9a9a9a;
}

.c17[disabled] + .c14 {
  background-color: #f2f2f2;
  box-shadow: unset;
}

.c17:checked:focus + .c14 {
  border-color: #7467c0;
  box-shadow: #7467c0 0px 0px 0px 1px !important;
}

.c17:focus + .c14 {
  border-color: #7467c0;
  box-shadow: #7467c0 0px 0px 0px 1px !important;
}

.c17:not([disabled]):checked + .c14 {
  border-color: #7467c0;
}

.c17:checked + .c14 {
  box-shadow: #7467c0 0px 0px 0px 1px !important;
}

.c17:checked + .c14::before {
  background: #7467c0;
  border-radius: 50%;
  content: '';
  height: 8px;
  left: 50%;
  position: absolute;
  top: 50%;
  -webkit-transform: translate(-50%,-50%);
  -ms-transform: translate(-50%,-50%);
  transform: translate(-50%,-50%);
  width: 8px;
}

.c17[disabled]:checked + .c14::before {
  background: #9a9a9a;
}

.c11 {
  display: -webkit-box;
  display: -webkit-flex;
  display: -ms-flexbox;
  display: flex;
  -webkit-align-items: center;
  -webkit-box-align: center;
  -ms-flex-align: center;
  align-items: center;
}

.c8 .c10:not(:last-child) {
  margin-bottom: 0.5rem;
}

abbr.c7 {
  border-bottom: 1px dotted;
  cursor: help;
  -webkit-text-decoration: none;
  text-decoration: none;
}

i.c7 {
  font-style: italic;
}

kbd.c7 {
  background: #454d5d;
  border-radius: 0.1rem;
  color: #fff;
  fill: #fff;
  padding: 0.1rem 0.2rem;
}

mark.c7 {
  background: #ffe9b3;
  border-radius: 0.1rem;
  padding: 0.1rem 0.2rem;
}

strong.c7 {
  font-weight: bold;
}

sub.c7,
sup.c7 {
  font-size: 0.8em;
  vertical-align: baseline;
}

ins.c7,
u.c7 {
  -webkit-text-decoration-skip: ink edges;
  text-decoration-skip: ink edges;
}

i.c7,
cite.c7,
var.c7,
em.c7 {
  font-style: italic;
}

kbd.c7,
pre.c7,
samp.c7 {
  font-family: 'SF Mono','Segoe UI Mono','Roboto Mono',Menlo,Courier,monospace;
}

.c7 .c18 {
  top: 0.1em;
}

.c3 {
  display: block;
}

.c2 {
  margin-bottom: 0 !important;
}

.c6 {
  display: block;
  font-size: 0.8rem;
}

<div
  class="c0"
  display="inline-block"
  style="display: inline-block;"
>
  <div
    class="c1 c0"
    style="align-items: center;"
  >
    <label
      class="c2 c3 c4 c5"
      font-weight="600"
      for="username"
      style="font-weight: 600;"
    >
      Username
    </label>
  </div>
  <span
    class="c6 c7 c0"
  >
    Required for your fannypack
  </span>
  <div
    aria-describedby="label"
    aria-invalid="false"
    class="c8 c9"
    role="group"
  >
    <label
      aria-describedby="label"
      aria-invalid="false"
      aria-label="Sunny"
      aria-required="false"
      class="c10 c11 c4 c0"
    >
      <input
        class="c12 c13"
        id="username"
        name="weather"
        type="radio"
        value="\\"sunny\\""
      />
      <div
        class="c14 c15 c0"
      />
      <span
        class="c7 c16"
        for="username"
        id="label"
      >
        Sunny
      </span>
    </label>
    <label
      aria-describedby="label"
      aria-invalid="false"
      aria-label="Windy"
      aria-required="false"
      class="c10 c11 c4 c0"
    >
      <input
        class="c12 c13"
        id="username"
        name="weather"
        type="radio"
        value="\\"windy\\""
      />
      <div
        class="c14 c15 c0"
      />
      <span
        class="c7 c16"
        for="username"
        id="label"
      >
        Windy
      </span>
    </label>
    <label
      aria-describedby="label"
      aria-invalid="false"
      aria-label="Overcast"
      aria-required="false"
      class="c10 c11 c4 c0"
    >
      <input
        class="c12 c13"
        id="username"
        name="weather"
        type="radio"
        value="\\"overcast\\""
      />
      <div
        class="c14 c15 c0"
      />
      <span
        class="c7 c16"
        for="username"
        id="label"
      >
        Overcast
      </span>
    </label>
  </div>
  <div />
</div>
`;

exports[`renders correctly for an input field with a hint 1`] = `
.c0 {
  margin: unset;
  padding: unset;
  border: unset;
  background: unset;
  font: unset;
  font-family: inherit;
  font-size: 100%;
  box-sizing: border-box;
  background-color: unset;
  color: inherit;
}

.c5 {
  margin: unset;
  padding: unset;
  border: unset;
  background: unset;
  font: unset;
  font-family: inherit;
  font-size: 100%;
  box-sizing: border-box;
  background-color: unset;
  color: inherit;
  margin-bottom: 0.25rem !important;
}

.c7 {
  margin: unset;
  padding: unset;
  border: unset;
  background: unset;
  font: unset;
  font-family: inherit;
  font-size: 100%;
  box-sizing: border-box;
  background-color: unset;
  color: inherit;
  margin-top: 0.5rem !important;
}

.c11 {
  margin: unset;
  padding: unset;
  border: unset;
  background: unset;
  font: unset;
  font-family: inherit;
  font-size: 100%;
  box-sizing: border-box;
  background-color: white;
  color: inherit;
}

.c15 {
  margin: unset;
  padding: unset;
  border: unset;
  background: unset;
  font: unset;
  font-family: inherit;
  font-size: 100%;
  box-sizing: border-box;
  background-color: unset;
  color: inherit;
  margin-left: 0.5rem !important;
}

.c4 {
  display: inline-block;
}

.c1 {
  display: -webkit-box;
  display: -webkit-flex;
  display: -ms-flexbox;
  display: flex;
}

.c13 {
  border: 1px solid #bdbdbd;
  box-shadow: inset 0px 1px 2px #e5e5e5;
  border-radius: 100%;
  height: 1em;
  position: relative;
  width: 1em;
}

.c10 {
  -webkit-clip: rect(0,0,0,0);
  clip: rect(0,0,0,0);
  height: 1px;
  margin: -1px;
  overflow: hidden;
  position: absolute;
  width: 1px;
}

.c10[disabled] + .c12 {
  background-color: #f2f2f2;
  box-shadow: unset;
}

.c10:checked:focus + .c12 {
  border-color: #7467c0;
  box-shadow: #7467c0 0px 0px 0px 1px !important;
}

.c10:focus + .c12 {
  border-color: #7467c0;
  box-shadow: #7467c0 0px 0px 0px 1px !important;
}

.c10:not([disabled]):checked + .c12 {
  border-color: #7467c0;
}

.c10:checked + .c12::before {
  background: #7467c0;
  border-radius: 50%;
  content: '';
  height: 8px;
  left: 50%;
  position: absolute;
  top: 50%;
  -webkit-transform: translate(-50%,-50%);
  -ms-transform: translate(-50%,-50%);
  transform: translate(-50%,-50%);
  width: 8px;
}

.c10[disabled]:checked + .c12::before {
  background: #9a9a9a;
}

.c17[disabled] + .c12 {
  background-color: #f2f2f2;
  box-shadow: unset;
}

.c17:checked:focus + .c12 {
  border-color: #7467c0;
  box-shadow: #7467c0 0px 0px 0px 1px !important;
}

.c17:focus + .c12 {
  border-color: #7467c0;
  box-shadow: #7467c0 0px 0px 0px 1px !important;
}

.c17:not([disabled]):checked + .c12 {
  border-color: #7467c0;
}

.c17:checked + .c12 {
  box-shadow: #7467c0 0px 0px 0px 1px !important;
}

.c17:checked + .c12::before {
  background: #7467c0;
  border-radius: 50%;
  content: '';
  height: 8px;
  left: 50%;
  position: absolute;
  top: 50%;
  -webkit-transform: translate(-50%,-50%);
  -ms-transform: translate(-50%,-50%);
  transform: translate(-50%,-50%);
  width: 8px;
}

.c17[disabled]:checked + .c12::before {
  background: #9a9a9a;
}

.c9 {
  display: -webkit-box;
  display: -webkit-flex;
  display: -ms-flexbox;
  display: flex;
  -webkit-align-items: center;
  -webkit-box-align: center;
  -ms-flex-align: center;
  align-items: center;
}

.c6 .c8:not(:last-child) {
  margin-bottom: 0.5rem;
}

abbr.c14 {
  border-bottom: 1px dotted;
  cursor: help;
  -webkit-text-decoration: none;
  text-decoration: none;
}

i.c14 {
  font-style: italic;
}

kbd.c14 {
  background: #454d5d;
  border-radius: 0.1rem;
  color: #fff;
  fill: #fff;
  padding: 0.1rem 0.2rem;
}

mark.c14 {
  background: #ffe9b3;
  border-radius: 0.1rem;
  padding: 0.1rem 0.2rem;
}

strong.c14 {
  font-weight: bold;
}

sub.c14,
sup.c14 {
  font-size: 0.8em;
  vertical-align: baseline;
}

ins.c14,
u.c14 {
  -webkit-text-decoration-skip: ink edges;
  text-decoration-skip: ink edges;
}

i.c14,
cite.c14,
var.c14,
em.c14 {
  font-style: italic;
}

kbd.c14,
pre.c14,
samp.c14 {
  font-family: 'SF Mono','Segoe UI Mono','Roboto Mono',Menlo,Courier,monospace;
}

.c14 .c18 {
  top: 0.1em;
}

.c3 {
  display: block;
}

.c2 {
  margin-bottom: 0 !important;
}

.c16 {
  display: block;
  font-size: 0.8rem;
  margin-top: 0.25rem;
}

<div
  class="c0"
  display="inline-block"
  style="display: inline-block;"
>
  <div
    class="c1 c0"
    style="align-items: center;"
  >
    <label
      class="c2 c3 c4 c5"
      font-weight="600"
      for="username"
      style="font-weight: 600;"
    >
      Username
    </label>
  </div>
  <div />
  <div
    aria-describedby="label"
    aria-invalid="false"
    class="c6 c7"
    role="group"
  >
    <label
      aria-describedby="label"
      aria-invalid="false"
      aria-label="Sunny"
      aria-required="false"
      class="c8 c9 c4 c0"
    >
      <input
        class="c10 c11"
        id="username"
        name="weather"
        type="radio"
        value="\\"sunny\\""
      />
      <div
        class="c12 c13 c0"
      />
      <span
        class="c14 c15"
        for="username"
        id="label"
      >
        Sunny
      </span>
    </label>
    <label
      aria-describedby="label"
      aria-invalid="false"
      aria-label="Windy"
      aria-required="false"
      class="c8 c9 c4 c0"
    >
      <input
        class="c10 c11"
        id="username"
        name="weather"
        type="radio"
        value="\\"windy\\""
      />
      <div
        class="c12 c13 c0"
      />
      <span
        class="c14 c15"
        for="username"
        id="label"
      >
        Windy
      </span>
    </label>
    <label
      aria-describedby="label"
      aria-invalid="false"
      aria-label="Overcast"
      aria-required="false"
      class="c8 c9 c4 c0"
    >
      <input
        class="c10 c11"
        id="username"
        name="weather"
        type="radio"
        value="\\"overcast\\""
      />
      <div
        class="c12 c13 c0"
      />
      <span
        class="c14 c15"
        for="username"
        id="label"
      >
        Overcast
      </span>
    </label>
  </div>
  <span
    class="c16 c14 c0"
  >
    Must be awesome
  </span>
</div>
`;

exports[`renders correctly for an optional input field 1`] = `
.c0 {
  margin: unset;
  padding: unset;
  border: unset;
  background: unset;
  font: unset;
  font-family: inherit;
  font-size: 100%;
  box-sizing: border-box;
  background-color: unset;
  color: inherit;
}

.c5 {
  margin: unset;
  padding: unset;
  border: unset;
  background: unset;
  font: unset;
  font-family: inherit;
  font-size: 100%;
  box-sizing: border-box;
  background-color: unset;
  color: inherit;
  margin-bottom: 0.25rem !important;
}

.c9 {
  margin: unset;
  padding: unset;
  border: unset;
  background: unset;
  font: unset;
  font-family: inherit;
  font-size: 100%;
  box-sizing: border-box;
  background-color: unset;
  color: inherit;
  margin-top: 0.5rem !important;
}

.c13 {
  margin: unset;
  padding: unset;
  border: unset;
  background: unset;
  font: unset;
  font-family: inherit;
  font-size: 100%;
  box-sizing: border-box;
  background-color: white;
  color: inherit;
}

.c16 {
  margin: unset;
  padding: unset;
  border: unset;
  background: unset;
  font: unset;
  font-family: inherit;
  font-size: 100%;
  box-sizing: border-box;
  background-color: unset;
  color: inherit;
  margin-left: 0.5rem !important;
}

.c4 {
  display: inline-block;
}

.c1 {
  display: -webkit-box;
  display: -webkit-flex;
  display: -ms-flexbox;
  display: flex;
}

.c15 {
  border: 1px solid #bdbdbd;
  box-shadow: inset 0px 1px 2px #e5e5e5;
  border-radius: 100%;
  height: 1em;
  position: relative;
  width: 1em;
}

.c12 {
  -webkit-clip: rect(0,0,0,0);
  clip: rect(0,0,0,0);
  height: 1px;
  margin: -1px;
  overflow: hidden;
  position: absolute;
  width: 1px;
}

.c12[disabled] + .c14 {
  background-color: #f2f2f2;
  box-shadow: unset;
}

.c12:checked:focus + .c14 {
  border-color: #7467c0;
  box-shadow: #7467c0 0px 0px 0px 1px !important;
}

.c12:focus + .c14 {
  border-color: #7467c0;
  box-shadow: #7467c0 0px 0px 0px 1px !important;
}

.c12:not([disabled]):checked + .c14 {
  border-color: #7467c0;
}

.c12:checked + .c14::before {
  background: #7467c0;
  border-radius: 50%;
  content: '';
  height: 8px;
  left: 50%;
  position: absolute;
  top: 50%;
  -webkit-transform: translate(-50%,-50%);
  -ms-transform: translate(-50%,-50%);
  transform: translate(-50%,-50%);
  width: 8px;
}

.c12[disabled]:checked + .c14::before {
  background: #9a9a9a;
}

.c17[disabled] + .c14 {
  background-color: #f2f2f2;
  box-shadow: unset;
}

.c17:checked:focus + .c14 {
  border-color: #7467c0;
  box-shadow: #7467c0 0px 0px 0px 1px !important;
}

.c17:focus + .c14 {
  border-color: #7467c0;
  box-shadow: #7467c0 0px 0px 0px 1px !important;
}

.c17:not([disabled]):checked + .c14 {
  border-color: #7467c0;
}

.c17:checked + .c14 {
  box-shadow: #7467c0 0px 0px 0px 1px !important;
}

.c17:checked + .c14::before {
  background: #7467c0;
  border-radius: 50%;
  content: '';
  height: 8px;
  left: 50%;
  position: absolute;
  top: 50%;
  -webkit-transform: translate(-50%,-50%);
  -ms-transform: translate(-50%,-50%);
  transform: translate(-50%,-50%);
  width: 8px;
}

.c17[disabled]:checked + .c14::before {
  background: #9a9a9a;
}

.c11 {
  display: -webkit-box;
  display: -webkit-flex;
  display: -ms-flexbox;
  display: flex;
  -webkit-align-items: center;
  -webkit-box-align: center;
  -ms-flex-align: center;
  align-items: center;
}

.c8 .c10:not(:last-child) {
  margin-bottom: 0.5rem;
}

abbr.c7 {
  border-bottom: 1px dotted;
  cursor: help;
  -webkit-text-decoration: none;
  text-decoration: none;
}

i.c7 {
  font-style: italic;
}

kbd.c7 {
  background: #454d5d;
  border-radius: 0.1rem;
  color: #fff;
  fill: #fff;
  padding: 0.1rem 0.2rem;
}

mark.c7 {
  background: #ffe9b3;
  border-radius: 0.1rem;
  padding: 0.1rem 0.2rem;
}

strong.c7 {
  font-weight: bold;
}

sub.c7,
sup.c7 {
  font-size: 0.8em;
  vertical-align: baseline;
}

ins.c7,
u.c7 {
  -webkit-text-decoration-skip: ink edges;
  text-decoration-skip: ink edges;
}

i.c7,
cite.c7,
var.c7,
em.c7 {
  font-style: italic;
}

kbd.c7,
pre.c7,
samp.c7 {
  font-family: 'SF Mono','Segoe UI Mono','Roboto Mono',Menlo,Courier,monospace;
}

.c7 .c18 {
  top: 0.1em;
}

.c3 {
  display: block;
}

.c2 {
  margin-bottom: 0 !important;
}

.c6 {
  font-size: 0.8rem;
  color: #708da8;
  margin-left: 0.5rem;
}

<div
  class="c0"
  display="inline-block"
  style="display: inline-block;"
>
  <div
    class="c1 c0"
    style="align-items: center;"
  >
    <label
      class="c2 c3 c4 c5"
      font-weight="600"
      for="username"
      style="font-weight: 600;"
    >
      Username
    </label>
    <span
      class="c6 c7 c0"
    >
      OPTIONAL
    </span>
  </div>
  <div />
  <div
    aria-describedby="label"
    aria-invalid="false"
    class="c8 c9"
    role="group"
  >
    <label
      aria-describedby="label"
      aria-invalid="false"
      aria-label="Sunny"
      aria-required="false"
      class="c10 c11 c4 c0"
    >
      <input
        class="c12 c13"
        id="username"
        name="weather"
        type="radio"
        value="\\"sunny\\""
      />
      <div
        class="c14 c15 c0"
      />
      <span
        class="c7 c16"
        for="username"
        id="label"
      >
        Sunny
      </span>
    </label>
    <label
      aria-describedby="label"
      aria-invalid="false"
      aria-label="Windy"
      aria-required="false"
      class="c10 c11 c4 c0"
    >
      <input
        class="c12 c13"
        id="username"
        name="weather"
        type="radio"
        value="\\"windy\\""
      />
      <div
        class="c14 c15 c0"
      />
      <span
        class="c7 c16"
        for="username"
        id="label"
      >
        Windy
      </span>
    </label>
    <label
      aria-describedby="label"
      aria-invalid="false"
      aria-label="Overcast"
      aria-required="false"
      class="c10 c11 c4 c0"
    >
      <input
        class="c12 c13"
        id="username"
        name="weather"
        type="radio"
        value="\\"overcast\\""
      />
      <div
        class="c14 c15 c0"
      />
      <span
        class="c7 c16"
        for="username"
        id="label"
      >
        Overcast
      </span>
    </label>
  </div>
  <div />
</div>
`;

exports[`states renders correctly for an RadioGroupField with state danger 1`] = `
.c0 {
  margin: unset;
  padding: unset;
  border: unset;
  background: unset;
  font: unset;
  font-family: inherit;
  font-size: 100%;
  box-sizing: border-box;
  background-color: unset;
  color: inherit;
}

.c5 {
  margin: unset;
  padding: unset;
  border: unset;
  background: unset;
  font: unset;
  font-family: inherit;
  font-size: 100%;
  box-sizing: border-box;
  background-color: unset;
  color: inherit;
  margin-bottom: 0.25rem !important;
}

.c7 {
  margin: unset;
  padding: unset;
  border: unset;
  background: unset;
  font: unset;
  font-family: inherit;
  font-size: 100%;
  box-sizing: border-box;
  background-color: unset;
  color: inherit;
  margin-top: 0.5rem !important;
}

.c11 {
  margin: unset;
  padding: unset;
  border: unset;
  background: unset;
  font: unset;
  font-family: inherit;
  font-size: 100%;
  box-sizing: border-box;
  background-color: white;
  color: inherit;
}

.c15 {
  margin: unset;
  padding: unset;
  border: unset;
  background: unset;
  font: unset;
  font-family: inherit;
  font-size: 100%;
  box-sizing: border-box;
  background-color: unset;
  color: inherit;
  margin-left: 0.5rem !important;
}

.c4 {
  display: inline-block;
}

.c1 {
  display: -webkit-box;
  display: -webkit-flex;
  display: -ms-flexbox;
  display: flex;
}

.c13 {
  border: 1px solid #bdbdbd;
  box-shadow: inset 0px 1px 2px #e5e5e5;
  border-radius: 100%;
  height: 1em;
  position: relative;
  width: 1em;
}

.c13 {
  border-color: #e24c67;
  box-shadow: #e24c67 0px 0px 0px 1px !important;
}

.c16[disabled] + .c12 {
  background-color: #f2f2f2;
  box-shadow: unset;
}

.c16:checked:focus + .c12 {
  border-color: #7467c0;
  box-shadow: #7467c0 0px 0px 0px 1px !important;
}

.c16:focus + .c12 {
  border-color: #7467c0;
  box-shadow: #7467c0 0px 0px 0px 1px !important;
}

.c16:not([disabled]):checked + .c12 {
  border-color: #7467c0;
}

.c16:checked + .c12::before {
  background: #7467c0;
  border-radius: 50%;
  content: '';
  height: 8px;
  left: 50%;
  position: absolute;
  top: 50%;
  -webkit-transform: translate(-50%,-50%);
  -ms-transform: translate(-50%,-50%);
  transform: translate(-50%,-50%);
  width: 8px;
}

.c16[disabled]:checked + .c12::before {
  background: #9a9a9a;
}

.c10 {
  -webkit-clip: rect(0,0,0,0);
  clip: rect(0,0,0,0);
  height: 1px;
  margin: -1px;
  overflow: hidden;
  position: absolute;
  width: 1px;
}

.c10[disabled] + .c12 {
  background-color: #f2f2f2;
  box-shadow: unset;
}

.c10:checked:focus + .c12 {
  border-color: #7467c0;
  box-shadow: #7467c0 0px 0px 0px 1px !important;
}

.c10:focus + .c12 {
  border-color: #7467c0;
  box-shadow: #7467c0 0px 0px 0px 1px !important;
}

.c10:not([disabled]):checked + .c12 {
  border-color: #7467c0;
}

.c10:checked + .c12 {
  box-shadow: #7467c0 0px 0px 0px 1px !important;
}

.c10:checked + .c12::before {
  background: #7467c0;
  border-radius: 50%;
  content: '';
  height: 8px;
  left: 50%;
  position: absolute;
  top: 50%;
  -webkit-transform: translate(-50%,-50%);
  -ms-transform: translate(-50%,-50%);
  transform: translate(-50%,-50%);
  width: 8px;
}

.c10[disabled]:checked + .c12::before {
  background: #9a9a9a;
}

.c9 {
  display: -webkit-box;
  display: -webkit-flex;
  display: -ms-flexbox;
  display: flex;
  -webkit-align-items: center;
  -webkit-box-align: center;
  -ms-flex-align: center;
  align-items: center;
}

.c6 .c8:not(:last-child) {
  margin-bottom: 0.5rem;
}

abbr.c14 {
  border-bottom: 1px dotted;
  cursor: help;
  -webkit-text-decoration: none;
  text-decoration: none;
}

i.c14 {
  font-style: italic;
}

kbd.c14 {
  background: #454d5d;
  border-radius: 0.1rem;
  color: #fff;
  fill: #fff;
  padding: 0.1rem 0.2rem;
}

mark.c14 {
  background: #ffe9b3;
  border-radius: 0.1rem;
  padding: 0.1rem 0.2rem;
}

strong.c14 {
  font-weight: bold;
}

sub.c14,
sup.c14 {
  font-size: 0.8em;
  vertical-align: baseline;
}

ins.c14,
u.c14 {
  -webkit-text-decoration-skip: ink edges;
  text-decoration-skip: ink edges;
}

i.c14,
cite.c14,
var.c14,
em.c14 {
  font-style: italic;
}

kbd.c14,
pre.c14,
samp.c14 {
  font-family: 'SF Mono','Segoe UI Mono','Roboto Mono',Menlo,Courier,monospace;
}

.c14 .c17 {
  top: 0.1em;
}

.c3 {
  display: block;
}

.c2 {
  margin-bottom: 0 !important;
}

<div
  class="c0"
  display="inline-block"
  style="display: inline-block;"
>
  <div
    class="c1 c0"
    style="align-items: center;"
  >
    <label
      class="c2 c3 c4 c5"
      font-weight="600"
      for="weather"
      style="font-weight: 600;"
    >
      Weather
    </label>
  </div>
  <div />
  <div
    aria-describedby="label"
    aria-invalid="true"
    class="c6 c7"
    role="group"
  >
    <label
      aria-describedby="label"
      aria-invalid="true"
      aria-label="Sunny"
      aria-required="false"
      class="c8 c9 c4 c0"
    >
      <input
        class="c10 c11"
        id="weather"
        name="weather"
        type="radio"
        value="\\"sunny\\""
      />
      <div
        class="c12 c13 c0"
      />
      <span
        class="c14 c15"
        for="weather"
        id="label"
      >
        Sunny
      </span>
    </label>
    <label
      aria-describedby="label"
      aria-invalid="true"
      aria-label="Windy"
      aria-required="false"
      class="c8 c9 c4 c0"
    >
      <input
        class="c10 c11"
        id="weather"
        name="weather"
        type="radio"
        value="\\"windy\\""
      />
      <div
        class="c12 c13 c0"
      />
      <span
        class="c14 c15"
        for="weather"
        id="label"
      >
        Windy
      </span>
    </label>
    <label
      aria-describedby="label"
      aria-invalid="true"
      aria-label="Overcast"
      aria-required="false"
      class="c8 c9 c4 c0"
    >
      <input
        class="c10 c11"
        id="weather"
        name="weather"
        type="radio"
        value="\\"overcast\\""
      />
      <div
        class="c12 c13 c0"
      />
      <span
        class="c14 c15"
        for="weather"
        id="label"
      >
        Overcast
      </span>
    </label>
  </div>
  <div />
</div>
`;

exports[`states renders correctly for an RadioGroupField with state primary 1`] = `
.c0 {
  margin: unset;
  padding: unset;
  border: unset;
  background: unset;
  font: unset;
  font-family: inherit;
  font-size: 100%;
  box-sizing: border-box;
  background-color: unset;
  color: inherit;
}

.c5 {
  margin: unset;
  padding: unset;
  border: unset;
  background: unset;
  font: unset;
  font-family: inherit;
  font-size: 100%;
  box-sizing: border-box;
  background-color: unset;
  color: inherit;
  margin-bottom: 0.25rem !important;
}

.c7 {
  margin: unset;
  padding: unset;
  border: unset;
  background: unset;
  font: unset;
  font-family: inherit;
  font-size: 100%;
  box-sizing: border-box;
  background-color: unset;
  color: inherit;
  margin-top: 0.5rem !important;
}

.c11 {
  margin: unset;
  padding: unset;
  border: unset;
  background: unset;
  font: unset;
  font-family: inherit;
  font-size: 100%;
  box-sizing: border-box;
  background-color: white;
  color: inherit;
}

.c15 {
  margin: unset;
  padding: unset;
  border: unset;
  background: unset;
  font: unset;
  font-family: inherit;
  font-size: 100%;
  box-sizing: border-box;
  background-color: unset;
  color: inherit;
  margin-left: 0.5rem !important;
}

.c4 {
  display: inline-block;
}

.c1 {
  display: -webkit-box;
  display: -webkit-flex;
  display: -ms-flexbox;
  display: flex;
}

.c13 {
  border: 1px solid #bdbdbd;
  box-shadow: inset 0px 1px 2px #e5e5e5;
  border-radius: 100%;
  height: 1em;
  position: relative;
  width: 1em;
}

.c13 {
  border-color: #7467c0;
  box-shadow: #7467c0 0px 0px 0px 1px !important;
}

.c16[disabled] + .c12 {
  background-color: #f2f2f2;
  box-shadow: unset;
}

.c16:checked:focus + .c12 {
  border-color: #7467c0;
  box-shadow: #7467c0 0px 0px 0px 1px !important;
}

.c16:focus + .c12 {
  border-color: #7467c0;
  box-shadow: #7467c0 0px 0px 0px 1px !important;
}

.c16:not([disabled]):checked + .c12 {
  border-color: #7467c0;
}

.c16:checked + .c12::before {
  background: #7467c0;
  border-radius: 50%;
  content: '';
  height: 8px;
  left: 50%;
  position: absolute;
  top: 50%;
  -webkit-transform: translate(-50%,-50%);
  -ms-transform: translate(-50%,-50%);
  transform: translate(-50%,-50%);
  width: 8px;
}

.c16[disabled]:checked + .c12::before {
  background: #9a9a9a;
}

.c10 {
  -webkit-clip: rect(0,0,0,0);
  clip: rect(0,0,0,0);
  height: 1px;
  margin: -1px;
  overflow: hidden;
  position: absolute;
  width: 1px;
}

.c10[disabled] + .c12 {
  background-color: #f2f2f2;
  box-shadow: unset;
}

.c10:checked:focus + .c12 {
  border-color: #7467c0;
  box-shadow: #7467c0 0px 0px 0px 1px !important;
}

.c10:focus + .c12 {
  border-color: #7467c0;
  box-shadow: #7467c0 0px 0px 0px 1px !important;
}

.c10:not([disabled]):checked + .c12 {
  border-color: #7467c0;
}

.c10:checked + .c12 {
  box-shadow: #7467c0 0px 0px 0px 1px !important;
}

.c10:checked + .c12::before {
  background: #7467c0;
  border-radius: 50%;
  content: '';
  height: 8px;
  left: 50%;
  position: absolute;
  top: 50%;
  -webkit-transform: translate(-50%,-50%);
  -ms-transform: translate(-50%,-50%);
  transform: translate(-50%,-50%);
  width: 8px;
}

.c10[disabled]:checked + .c12::before {
  background: #9a9a9a;
}

.c9 {
  display: -webkit-box;
  display: -webkit-flex;
  display: -ms-flexbox;
  display: flex;
  -webkit-align-items: center;
  -webkit-box-align: center;
  -ms-flex-align: center;
  align-items: center;
}

.c6 .c8:not(:last-child) {
  margin-bottom: 0.5rem;
}

abbr.c14 {
  border-bottom: 1px dotted;
  cursor: help;
  -webkit-text-decoration: none;
  text-decoration: none;
}

i.c14 {
  font-style: italic;
}

kbd.c14 {
  background: #454d5d;
  border-radius: 0.1rem;
  color: #fff;
  fill: #fff;
  padding: 0.1rem 0.2rem;
}

mark.c14 {
  background: #ffe9b3;
  border-radius: 0.1rem;
  padding: 0.1rem 0.2rem;
}

strong.c14 {
  font-weight: bold;
}

sub.c14,
sup.c14 {
  font-size: 0.8em;
  vertical-align: baseline;
}

ins.c14,
u.c14 {
  -webkit-text-decoration-skip: ink edges;
  text-decoration-skip: ink edges;
}

i.c14,
cite.c14,
var.c14,
em.c14 {
  font-style: italic;
}

kbd.c14,
pre.c14,
samp.c14 {
  font-family: 'SF Mono','Segoe UI Mono','Roboto Mono',Menlo,Courier,monospace;
}

.c14 .c17 {
  top: 0.1em;
}

.c3 {
  display: block;
}

.c2 {
  margin-bottom: 0 !important;
}

<div
  class="c0"
  display="inline-block"
  style="display: inline-block;"
>
  <div
    class="c1 c0"
    style="align-items: center;"
  >
    <label
      class="c2 c3 c4 c5"
      font-weight="600"
      for="weather"
      style="font-weight: 600;"
    >
      Weather
    </label>
  </div>
  <div />
  <div
    aria-describedby="label"
    aria-invalid="false"
    class="c6 c7"
    role="group"
  >
    <label
      aria-describedby="label"
      aria-invalid="false"
      aria-label="Sunny"
      aria-required="false"
      class="c8 c9 c4 c0"
    >
      <input
        class="c10 c11"
        id="weather"
        name="weather"
        type="radio"
        value="\\"sunny\\""
      />
      <div
        class="c12 c13 c0"
      />
      <span
        class="c14 c15"
        for="weather"
        id="label"
      >
        Sunny
      </span>
    </label>
    <label
      aria-describedby="label"
      aria-invalid="false"
      aria-label="Windy"
      aria-required="false"
      class="c8 c9 c4 c0"
    >
      <input
        class="c10 c11"
        id="weather"
        name="weather"
        type="radio"
        value="\\"windy\\""
      />
      <div
        class="c12 c13 c0"
      />
      <span
        class="c14 c15"
        for="weather"
        id="label"
      >
        Windy
      </span>
    </label>
    <label
      aria-describedby="label"
      aria-invalid="false"
      aria-label="Overcast"
      aria-required="false"
      class="c8 c9 c4 c0"
    >
      <input
        class="c10 c11"
        id="weather"
        name="weather"
        type="radio"
        value="\\"overcast\\""
      />
      <div
        class="c12 c13 c0"
      />
      <span
        class="c14 c15"
        for="weather"
        id="label"
      >
        Overcast
      </span>
    </label>
  </div>
  <div />
</div>
`;

exports[`states renders correctly for an RadioGroupField with state success 1`] = `
.c0 {
  margin: unset;
  padding: unset;
  border: unset;
  background: unset;
  font: unset;
  font-family: inherit;
  font-size: 100%;
  box-sizing: border-box;
  background-color: unset;
  color: inherit;
}

.c5 {
  margin: unset;
  padding: unset;
  border: unset;
  background: unset;
  font: unset;
  font-family: inherit;
  font-size: 100%;
  box-sizing: border-box;
  background-color: unset;
  color: inherit;
  margin-bottom: 0.25rem !important;
}

.c7 {
  margin: unset;
  padding: unset;
  border: unset;
  background: unset;
  font: unset;
  font-family: inherit;
  font-size: 100%;
  box-sizing: border-box;
  background-color: unset;
  color: inherit;
  margin-top: 0.5rem !important;
}

.c11 {
  margin: unset;
  padding: unset;
  border: unset;
  background: unset;
  font: unset;
  font-family: inherit;
  font-size: 100%;
  box-sizing: border-box;
  background-color: white;
  color: inherit;
}

.c15 {
  margin: unset;
  padding: unset;
  border: unset;
  background: unset;
  font: unset;
  font-family: inherit;
  font-size: 100%;
  box-sizing: border-box;
  background-color: unset;
  color: inherit;
  margin-left: 0.5rem !important;
}

.c4 {
  display: inline-block;
}

.c1 {
  display: -webkit-box;
  display: -webkit-flex;
  display: -ms-flexbox;
  display: flex;
}

.c13 {
  border: 1px solid #bdbdbd;
  box-shadow: inset 0px 1px 2px #e5e5e5;
  border-radius: 100%;
  height: 1em;
  position: relative;
  width: 1em;
}

.c13 {
  border-color: #4ca26c;
  box-shadow: #4ca26c 0px 0px 0px 1px !important;
}

.c16[disabled] + .c12 {
  background-color: #f2f2f2;
  box-shadow: unset;
}

.c16:checked:focus + .c12 {
  border-color: #7467c0;
  box-shadow: #7467c0 0px 0px 0px 1px !important;
}

.c16:focus + .c12 {
  border-color: #7467c0;
  box-shadow: #7467c0 0px 0px 0px 1px !important;
}

.c16:not([disabled]):checked + .c12 {
  border-color: #7467c0;
}

.c16:checked + .c12::before {
  background: #7467c0;
  border-radius: 50%;
  content: '';
  height: 8px;
  left: 50%;
  position: absolute;
  top: 50%;
  -webkit-transform: translate(-50%,-50%);
  -ms-transform: translate(-50%,-50%);
  transform: translate(-50%,-50%);
  width: 8px;
}

.c16[disabled]:checked + .c12::before {
  background: #9a9a9a;
}

.c10 {
  -webkit-clip: rect(0,0,0,0);
  clip: rect(0,0,0,0);
  height: 1px;
  margin: -1px;
  overflow: hidden;
  position: absolute;
  width: 1px;
}

.c10[disabled] + .c12 {
  background-color: #f2f2f2;
  box-shadow: unset;
}

.c10:checked:focus + .c12 {
  border-color: #7467c0;
  box-shadow: #7467c0 0px 0px 0px 1px !important;
}

.c10:focus + .c12 {
  border-color: #7467c0;
  box-shadow: #7467c0 0px 0px 0px 1px !important;
}

.c10:not([disabled]):checked + .c12 {
  border-color: #7467c0;
}

.c10:checked + .c12 {
  box-shadow: #7467c0 0px 0px 0px 1px !important;
}

.c10:checked + .c12::before {
  background: #7467c0;
  border-radius: 50%;
  content: '';
  height: 8px;
  left: 50%;
  position: absolute;
  top: 50%;
  -webkit-transform: translate(-50%,-50%);
  -ms-transform: translate(-50%,-50%);
  transform: translate(-50%,-50%);
  width: 8px;
}

.c10[disabled]:checked + .c12::before {
  background: #9a9a9a;
}

.c9 {
  display: -webkit-box;
  display: -webkit-flex;
  display: -ms-flexbox;
  display: flex;
  -webkit-align-items: center;
  -webkit-box-align: center;
  -ms-flex-align: center;
  align-items: center;
}

.c6 .c8:not(:last-child) {
  margin-bottom: 0.5rem;
}

abbr.c14 {
  border-bottom: 1px dotted;
  cursor: help;
  -webkit-text-decoration: none;
  text-decoration: none;
}

i.c14 {
  font-style: italic;
}

kbd.c14 {
  background: #454d5d;
  border-radius: 0.1rem;
  color: #fff;
  fill: #fff;
  padding: 0.1rem 0.2rem;
}

mark.c14 {
  background: #ffe9b3;
  border-radius: 0.1rem;
  padding: 0.1rem 0.2rem;
}

strong.c14 {
  font-weight: bold;
}

sub.c14,
sup.c14 {
  font-size: 0.8em;
  vertical-align: baseline;
}

ins.c14,
u.c14 {
  -webkit-text-decoration-skip: ink edges;
  text-decoration-skip: ink edges;
}

i.c14,
cite.c14,
var.c14,
em.c14 {
  font-style: italic;
}

kbd.c14,
pre.c14,
samp.c14 {
  font-family: 'SF Mono','Segoe UI Mono','Roboto Mono',Menlo,Courier,monospace;
}

.c14 .c17 {
  top: 0.1em;
}

.c3 {
  display: block;
}

.c2 {
  margin-bottom: 0 !important;
}

<div
  class="c0"
  display="inline-block"
  style="display: inline-block;"
>
  <div
    class="c1 c0"
    style="align-items: center;"
  >
    <label
      class="c2 c3 c4 c5"
      font-weight="600"
      for="weather"
      style="font-weight: 600;"
    >
      Weather
    </label>
  </div>
  <div />
  <div
    aria-describedby="label"
    aria-invalid="false"
    class="c6 c7"
    role="group"
  >
    <label
      aria-describedby="label"
      aria-invalid="false"
      aria-label="Sunny"
      aria-required="false"
      class="c8 c9 c4 c0"
    >
      <input
        class="c10 c11"
        id="weather"
        name="weather"
        type="radio"
        value="\\"sunny\\""
      />
      <div
        class="c12 c13 c0"
      />
      <span
        class="c14 c15"
        for="weather"
        id="label"
      >
        Sunny
      </span>
    </label>
    <label
      aria-describedby="label"
      aria-invalid="false"
      aria-label="Windy"
      aria-required="false"
      class="c8 c9 c4 c0"
    >
      <input
        class="c10 c11"
        id="weather"
        name="weather"
        type="radio"
        value="\\"windy\\""
      />
      <div
        class="c12 c13 c0"
      />
      <span
        class="c14 c15"
        for="weather"
        id="label"
      >
        Windy
      </span>
    </label>
    <label
      aria-describedby="label"
      aria-invalid="false"
      aria-label="Overcast"
      aria-required="false"
      class="c8 c9 c4 c0"
    >
      <input
        class="c10 c11"
        id="weather"
        name="weather"
        type="radio"
        value="\\"overcast\\""
      />
      <div
        class="c12 c13 c0"
      />
      <span
        class="c14 c15"
        for="weather"
        id="label"
      >
        Overcast
      </span>
    </label>
  </div>
  <div />
</div>
`;

exports[`states renders correctly for an RadioGroupField with state warning 1`] = `
.c0 {
  margin: unset;
  padding: unset;
  border: unset;
  background: unset;
  font: unset;
  font-family: inherit;
  font-size: 100%;
  box-sizing: border-box;
  background-color: unset;
  color: inherit;
}

.c5 {
  margin: unset;
  padding: unset;
  border: unset;
  background: unset;
  font: unset;
  font-family: inherit;
  font-size: 100%;
  box-sizing: border-box;
  background-color: unset;
  color: inherit;
  margin-bottom: 0.25rem !important;
}

.c7 {
  margin: unset;
  padding: unset;
  border: unset;
  background: unset;
  font: unset;
  font-family: inherit;
  font-size: 100%;
  box-sizing: border-box;
  background-color: unset;
  color: inherit;
  margin-top: 0.5rem !important;
}

.c11 {
  margin: unset;
  padding: unset;
  border: unset;
  background: unset;
  font: unset;
  font-family: inherit;
  font-size: 100%;
  box-sizing: border-box;
  background-color: white;
  color: inherit;
}

.c15 {
  margin: unset;
  padding: unset;
  border: unset;
  background: unset;
  font: unset;
  font-family: inherit;
  font-size: 100%;
  box-sizing: border-box;
  background-color: unset;
  color: inherit;
  margin-left: 0.5rem !important;
}

.c4 {
  display: inline-block;
}

.c1 {
  display: -webkit-box;
  display: -webkit-flex;
  display: -ms-flexbox;
  display: flex;
}

.c13 {
  border: 1px solid #bdbdbd;
  box-shadow: inset 0px 1px 2px #e5e5e5;
  border-radius: 100%;
  height: 1em;
  position: relative;
  width: 1em;
}

.c13 {
  border-color: #ffc94c;
  box-shadow: #ffc94c 0px 0px 0px 1px !important;
}

.c16[disabled] + .c12 {
  background-color: #f2f2f2;
  box-shadow: unset;
}

.c16:checked:focus + .c12 {
  border-color: #7467c0;
  box-shadow: #7467c0 0px 0px 0px 1px !important;
}

.c16:focus + .c12 {
  border-color: #7467c0;
  box-shadow: #7467c0 0px 0px 0px 1px !important;
}

.c16:not([disabled]):checked + .c12 {
  border-color: #7467c0;
}

.c16:checked + .c12::before {
  background: #7467c0;
  border-radius: 50%;
  content: '';
  height: 8px;
  left: 50%;
  position: absolute;
  top: 50%;
  -webkit-transform: translate(-50%,-50%);
  -ms-transform: translate(-50%,-50%);
  transform: translate(-50%,-50%);
  width: 8px;
}

.c16[disabled]:checked + .c12::before {
  background: #9a9a9a;
}

.c10 {
  -webkit-clip: rect(0,0,0,0);
  clip: rect(0,0,0,0);
  height: 1px;
  margin: -1px;
  overflow: hidden;
  position: absolute;
  width: 1px;
}

.c10[disabled] + .c12 {
  background-color: #f2f2f2;
  box-shadow: unset;
}

.c10:checked:focus + .c12 {
  border-color: #7467c0;
  box-shadow: #7467c0 0px 0px 0px 1px !important;
}

.c10:focus + .c12 {
  border-color: #7467c0;
  box-shadow: #7467c0 0px 0px 0px 1px !important;
}

.c10:not([disabled]):checked + .c12 {
  border-color: #7467c0;
}

.c10:checked + .c12 {
  box-shadow: #7467c0 0px 0px 0px 1px !important;
}

.c10:checked + .c12::before {
  background: #7467c0;
  border-radius: 50%;
  content: '';
  height: 8px;
  left: 50%;
  position: absolute;
  top: 50%;
  -webkit-transform: translate(-50%,-50%);
  -ms-transform: translate(-50%,-50%);
  transform: translate(-50%,-50%);
  width: 8px;
}

.c10[disabled]:checked + .c12::before {
  background: #9a9a9a;
}

.c9 {
  display: -webkit-box;
  display: -webkit-flex;
  display: -ms-flexbox;
  display: flex;
  -webkit-align-items: center;
  -webkit-box-align: center;
  -ms-flex-align: center;
  align-items: center;
}

.c6 .c8:not(:last-child) {
  margin-bottom: 0.5rem;
}

abbr.c14 {
  border-bottom: 1px dotted;
  cursor: help;
  -webkit-text-decoration: none;
  text-decoration: none;
}

i.c14 {
  font-style: italic;
}

kbd.c14 {
  background: #454d5d;
  border-radius: 0.1rem;
  color: #fff;
  fill: #fff;
  padding: 0.1rem 0.2rem;
}

mark.c14 {
  background: #ffe9b3;
  border-radius: 0.1rem;
  padding: 0.1rem 0.2rem;
}

strong.c14 {
  font-weight: bold;
}

sub.c14,
sup.c14 {
  font-size: 0.8em;
  vertical-align: baseline;
}

ins.c14,
u.c14 {
  -webkit-text-decoration-skip: ink edges;
  text-decoration-skip: ink edges;
}

i.c14,
cite.c14,
var.c14,
em.c14 {
  font-style: italic;
}

kbd.c14,
pre.c14,
samp.c14 {
  font-family: 'SF Mono','Segoe UI Mono','Roboto Mono',Menlo,Courier,monospace;
}

.c14 .c17 {
  top: 0.1em;
}

.c3 {
  display: block;
}

.c2 {
  margin-bottom: 0 !important;
}

<div
  class="c0"
  display="inline-block"
  style="display: inline-block;"
>
  <div
    class="c1 c0"
    style="align-items: center;"
  >
    <label
      class="c2 c3 c4 c5"
      font-weight="600"
      for="weather"
      style="font-weight: 600;"
    >
      Weather
    </label>
  </div>
  <div />
  <div
    aria-describedby="label"
    aria-invalid="false"
    class="c6 c7"
    role="group"
  >
    <label
      aria-describedby="label"
      aria-invalid="false"
      aria-label="Sunny"
      aria-required="false"
      class="c8 c9 c4 c0"
    >
      <input
        class="c10 c11"
        id="weather"
        name="weather"
        type="radio"
        value="\\"sunny\\""
      />
      <div
        class="c12 c13 c0"
      />
      <span
        class="c14 c15"
        for="weather"
        id="label"
      >
        Sunny
      </span>
    </label>
    <label
      aria-describedby="label"
      aria-invalid="false"
      aria-label="Windy"
      aria-required="false"
      class="c8 c9 c4 c0"
    >
      <input
        class="c10 c11"
        id="weather"
        name="weather"
        type="radio"
        value="\\"windy\\""
      />
      <div
        class="c12 c13 c0"
      />
      <span
        class="c14 c15"
        for="weather"
        id="label"
      >
        Windy
      </span>
    </label>
    <label
      aria-describedby="label"
      aria-invalid="false"
      aria-label="Overcast"
      aria-required="false"
      class="c8 c9 c4 c0"
    >
      <input
        class="c10 c11"
        id="weather"
        name="weather"
        type="radio"
        value="\\"overcast\\""
      />
      <div
        class="c12 c13 c0"
      />
      <span
        class="c14 c15"
        for="weather"
        id="label"
      >
        Overcast
      </span>
    </label>
  </div>
  <div />
</div>
`;
