// Jest Snapshot v1, https://goo.gl/fbAQLP

exports[`renders correctly for a basic RadioGroupField 1`] = `
.c1 {
  margin: unset;
  padding: unset;
  border: unset;
  background: unset;
  font: unset;
  font-family: inherit;
  font-size: 100%;
  box-sizing: border-box;
  background-color: unset;
  color: inherit;
}

.c6 {
  margin: unset;
  padding: unset;
  border: unset;
  background: unset;
  font: unset;
  font-family: inherit;
  font-size: 100%;
  box-sizing: border-box;
  background-color: unset;
  color: inherit;
  margin-bottom: 0.25rem !important;
}

.c8 {
  margin: unset;
  padding: unset;
  border: unset;
  background: unset;
  font: unset;
  font-family: inherit;
  font-size: 100%;
  box-sizing: border-box;
  background-color: unset;
  color: inherit;
  margin-top: 0.5rem !important;
}

.c12 {
  margin: unset;
  padding: unset;
  border: unset;
  background: unset;
  font: unset;
  font-family: inherit;
  font-size: 100%;
  box-sizing: border-box;
  background-color: white;
  color: inherit;
}

.c16 {
  margin: unset;
  padding: unset;
  border: unset;
  background: unset;
  font: unset;
  font-family: inherit;
  font-size: 100%;
  box-sizing: border-box;
  background-color: unset;
  color: inherit;
  margin-left: 0.5rem !important;
}

.c0 {
  box-sizing: border-box;
  font-family: system-ui,-apple-system,BlinkMacSystemFont,'Segoe UI',Roboto,Oxygen,Ubuntu,Cantarell,'Fira Sans', 'Droid Sans','Helvetica Neue',sans-serif;
  font-size: 16px;
  font-weight: 400;
  line-height: 1.5;
  margin: 0;
  padding: 0;
  overflow-x: hidden;
  -webkit-font-smoothing: antialiased;
  text-rendering: optimizeLegibility;
  color: #435a6f;
  fill: #435a6f;
}

.c0 *,
.c0 *::before,
.c0 *::after {
  box-sizing: inherit;
}

.c0 *:focus {
  outline: 2px solid #7467c0;
  outline-offset: 2px;
}

.c5 {
  display: inline-block;
}

.c2 {
  display: -webkit-box;
  display: -webkit-flex;
  display: -ms-flexbox;
  display: flex;
}

.c14 {
  border: 1px solid #bdbdbd;
  box-shadow: inset 0px 1px 2px #e5e5e5;
  border-radius: 100%;
  height: 1em;
  position: relative;
  width: 1em;
}

.c11 {
  -webkit-clip: rect(0,0,0,0);
  clip: rect(0,0,0,0);
  height: 1px;
  margin: -1px;
  overflow: hidden;
  position: absolute;
  width: 1px;
}

.c11[disabled] + .c13 {
  background-color: #f2f2f2;
  box-shadow: unset;
}

.c11:checked:focus + .c13 {
  border-color: #7467c0;
  box-shadow: #7467c0 0px 0px 0px 1px !important;
}

.c11:focus + .c13 {
  border-color: #7467c0;
  box-shadow: #7467c0 0px 0px 0px 1px !important;
}

.c11:not([disabled]):checked + .c13 {
  border-color: #7467c0;
}

.c11:checked + .c13::before {
  background: #7467c0;
  border-radius: 50%;
  content: '';
  height: 8px;
  left: 50%;
  position: absolute;
  top: 50%;
  -webkit-transform: translate(-50%,-50%);
  -ms-transform: translate(-50%,-50%);
  transform: translate(-50%,-50%);
  width: 8px;
}

.c11[disabled]:checked + .c13::before {
  background: #9a9a9a;
}

.c10 {
  display: -webkit-box;
  display: -webkit-flex;
  display: -ms-flexbox;
  display: flex;
  -webkit-align-items: center;
  -webkit-box-align: center;
  -ms-flex-align: center;
  align-items: center;
}

.c7 .c9:not(:last-child) {
  margin-bottom: 0.5rem;
}

abbr.c15 {
  border-bottom: 1px dotted;
  cursor: help;
  -webkit-text-decoration: none;
  text-decoration: none;
}

i.c15 {
  font-style: italic;
}

kbd.c15 {
  background: #454d5d;
  border-radius: 0.1rem;
  color: #fff;
  fill: #fff;
  padding: 0.1rem 0.2rem;
}

mark.c15 {
  background: #ffe9b3;
  border-radius: 0.1rem;
  padding: 0.1rem 0.2rem;
}

strong.c15 {
  font-weight: bold;
}

sub.c15,
sup.c15 {
  font-size: 0.8em;
  vertical-align: baseline;
}

ins.c15,
u.c15 {
  -webkit-text-decoration-skip: ink edges;
  text-decoration-skip: ink edges;
}

i.c15,
cite.c15,
var.c15,
em.c15 {
  font-style: italic;
}

kbd.c15,
pre.c15,
samp.c15 {
  font-family: 'SF Mono','Segoe UI Mono','Roboto Mono',Menlo,Courier,monospace;
}

.c15 .c17 {
  top: 0.1em;
}

.c4 {
  display: block;
}

.c3 {
  margin-bottom: 0 !important;
}

<div
  class="c0 c1"
>
  <div
    class="c1"
    display="inline-block"
    style="display: inline-block;"
  >
    <div
      class="c2 c1"
      style="align-items: center;"
    >
      <label
        class="c3 c4 c5 c6"
        font-weight="600"
        for="weather"
        style="font-weight: 600;"
      >
        Weather
      </label>
    </div>
    <div />
    <div
      aria-describedby="label"
      aria-invalid="false"
      class="c7 c8"
      role="group"
    >
      <label
        aria-describedby="label"
        aria-invalid="false"
        aria-label="Sunny"
        aria-required="false"
        class="c9 c10 c5 c1"
      >
        <input
          class="c11 c12"
          id="weather"
          name="weather"
          type="radio"
          value="\\"sunny\\""
        />
        <div
          class="c13 c14 c1"
        />
        <span
          class="c15 c16"
          for="weather"
          id="label"
        >
          Sunny
        </span>
      </label>
      <label
        aria-describedby="label"
        aria-invalid="false"
        aria-label="Windy"
        aria-required="false"
        class="c9 c10 c5 c1"
      >
        <input
          class="c11 c12"
          id="weather"
          name="weather"
          type="radio"
          value="\\"windy\\""
        />
        <div
          class="c13 c14 c1"
        />
        <span
          class="c15 c16"
          for="weather"
          id="label"
        >
          Windy
        </span>
      </label>
      <label
        aria-describedby="label"
        aria-invalid="false"
        aria-label="Overcast"
        aria-required="false"
        class="c9 c10 c5 c1"
      >
        <input
          class="c11 c12"
          id="weather"
          name="weather"
          type="radio"
          value="\\"overcast\\""
        />
        <div
          class="c13 c14 c1"
        />
        <span
          class="c15 c16"
          for="weather"
          id="label"
        >
          Overcast
        </span>
      </label>
    </div>
    <div />
  </div>
</div>
`;

exports[`renders correctly for a disabled RadioGroupField 1`] = `
.c1 {
  margin: unset;
  padding: unset;
  border: unset;
  background: unset;
  font: unset;
  font-family: inherit;
  font-size: 100%;
  box-sizing: border-box;
  background-color: unset;
  color: inherit;
}

.c6 {
  margin: unset;
  padding: unset;
  border: unset;
  background: unset;
  font: unset;
  font-family: inherit;
  font-size: 100%;
  box-sizing: border-box;
  background-color: unset;
  color: inherit;
  margin-bottom: 0.25rem !important;
}

.c8 {
  margin: unset;
  padding: unset;
  border: unset;
  background: unset;
  font: unset;
  font-family: inherit;
  font-size: 100%;
  box-sizing: border-box;
  background-color: unset;
  color: inherit;
  margin-top: 0.5rem !important;
}

.c12 {
  margin: unset;
  padding: unset;
  border: unset;
  background: unset;
  font: unset;
  font-family: inherit;
  font-size: 100%;
  box-sizing: border-box;
  background-color: white;
  color: inherit;
}

.c16 {
  margin: unset;
  padding: unset;
  border: unset;
  background: unset;
  font: unset;
  font-family: inherit;
  font-size: 100%;
  box-sizing: border-box;
  background-color: unset;
  color: inherit;
  margin-left: 0.5rem !important;
}

.c0 {
  box-sizing: border-box;
  font-family: system-ui,-apple-system,BlinkMacSystemFont,'Segoe UI',Roboto,Oxygen,Ubuntu,Cantarell,'Fira Sans', 'Droid Sans','Helvetica Neue',sans-serif;
  font-size: 16px;
  font-weight: 400;
  line-height: 1.5;
  margin: 0;
  padding: 0;
  overflow-x: hidden;
  -webkit-font-smoothing: antialiased;
  text-rendering: optimizeLegibility;
  color: #435a6f;
  fill: #435a6f;
}

.c0 *,
.c0 *::before,
.c0 *::after {
  box-sizing: inherit;
}

.c0 *:focus {
  outline: 2px solid #7467c0;
  outline-offset: 2px;
}

.c5 {
  display: inline-block;
}

.c2 {
  display: -webkit-box;
  display: -webkit-flex;
  display: -ms-flexbox;
  display: flex;
}

.c14 {
  border: 1px solid #bdbdbd;
  box-shadow: inset 0px 1px 2px #e5e5e5;
  border-radius: 100%;
  height: 1em;
  position: relative;
  width: 1em;
}

.c11 {
  -webkit-clip: rect(0,0,0,0);
  clip: rect(0,0,0,0);
  height: 1px;
  margin: -1px;
  overflow: hidden;
  position: absolute;
  width: 1px;
}

.c11[disabled] + .c13 {
  background-color: #f2f2f2;
  box-shadow: unset;
}

.c11:checked:focus + .c13 {
  border-color: #7467c0;
  box-shadow: #7467c0 0px 0px 0px 1px !important;
}

.c11:focus + .c13 {
  border-color: #7467c0;
  box-shadow: #7467c0 0px 0px 0px 1px !important;
}

.c11:not([disabled]):checked + .c13 {
  border-color: #7467c0;
}

.c11:checked + .c13::before {
  background: #7467c0;
  border-radius: 50%;
  content: '';
  height: 8px;
  left: 50%;
  position: absolute;
  top: 50%;
  -webkit-transform: translate(-50%,-50%);
  -ms-transform: translate(-50%,-50%);
  transform: translate(-50%,-50%);
  width: 8px;
}

.c11[disabled]:checked + .c13::before {
  background: #9a9a9a;
}

.c10 {
  display: -webkit-box;
  display: -webkit-flex;
  display: -ms-flexbox;
  display: flex;
  -webkit-align-items: center;
  -webkit-box-align: center;
  -ms-flex-align: center;
  align-items: center;
}

.c7 .c9:not(:last-child) {
  margin-bottom: 0.5rem;
}

abbr.c15 {
  border-bottom: 1px dotted;
  cursor: help;
  -webkit-text-decoration: none;
  text-decoration: none;
}

i.c15 {
  font-style: italic;
}

kbd.c15 {
  background: #454d5d;
  border-radius: 0.1rem;
  color: #fff;
  fill: #fff;
  padding: 0.1rem 0.2rem;
}

mark.c15 {
  background: #ffe9b3;
  border-radius: 0.1rem;
  padding: 0.1rem 0.2rem;
}

strong.c15 {
  font-weight: bold;
}

sub.c15,
sup.c15 {
  font-size: 0.8em;
  vertical-align: baseline;
}

ins.c15,
u.c15 {
  -webkit-text-decoration-skip: ink edges;
  text-decoration-skip: ink edges;
}

i.c15,
cite.c15,
var.c15,
em.c15 {
  font-style: italic;
}

kbd.c15,
pre.c15,
samp.c15 {
  font-family: 'SF Mono','Segoe UI Mono','Roboto Mono',Menlo,Courier,monospace;
}

.c15 .c17 {
  top: 0.1em;
}

.c4 {
  display: block;
}

.c3 {
  margin-bottom: 0 !important;
}

<div
  class="c0 c1"
>
  <div
    class="c1"
    display="inline-block"
    style="display: inline-block;"
  >
    <div
      class="c2 c1"
      style="align-items: center;"
    >
      <label
        class="c3 c4 c5 c6"
        font-weight="600"
        for="weather"
        style="font-weight: 600;"
      >
        Weather
      </label>
    </div>
    <div />
    <div
      aria-describedby="label"
      aria-invalid="false"
      class="c7 c8"
      role="group"
    >
      <label
        aria-describedby="label"
        aria-invalid="false"
        aria-label="Sunny"
        aria-required="false"
        class="c9 c10 c5 c1"
      >
        <input
          class="c11 c12"
          disabled=""
          id="weather"
          name="weather"
          type="radio"
          value="\\"sunny\\""
        />
        <div
          class="c13 c14 c1"
        />
        <span
          class="c15 c16"
          for="weather"
          id="label"
        >
          Sunny
        </span>
      </label>
      <label
        aria-describedby="label"
        aria-invalid="false"
        aria-label="Windy"
        aria-required="false"
        class="c9 c10 c5 c1"
      >
        <input
          class="c11 c12"
          disabled=""
          id="weather"
          name="weather"
          type="radio"
          value="\\"windy\\""
        />
        <div
          class="c13 c14 c1"
        />
        <span
          class="c15 c16"
          for="weather"
          id="label"
        >
          Windy
        </span>
      </label>
      <label
        aria-describedby="label"
        aria-invalid="false"
        aria-label="Overcast"
        aria-required="false"
        class="c9 c10 c5 c1"
      >
        <input
          class="c11 c12"
          disabled=""
          id="weather"
          name="weather"
          type="radio"
          value="\\"overcast\\""
        />
        <div
          class="c13 c14 c1"
        />
        <span
          class="c15 c16"
          for="weather"
          id="label"
        >
          Overcast
        </span>
      </label>
    </div>
    <div />
  </div>
</div>
`;

exports[`renders correctly for a disabled RadioGroupField option 1`] = `
.c1 {
  margin: unset;
  padding: unset;
  border: unset;
  background: unset;
  font: unset;
  font-family: inherit;
  font-size: 100%;
  box-sizing: border-box;
  background-color: unset;
  color: inherit;
}

.c6 {
  margin: unset;
  padding: unset;
  border: unset;
  background: unset;
  font: unset;
  font-family: inherit;
  font-size: 100%;
  box-sizing: border-box;
  background-color: unset;
  color: inherit;
  margin-bottom: 0.25rem !important;
}

.c8 {
  margin: unset;
  padding: unset;
  border: unset;
  background: unset;
  font: unset;
  font-family: inherit;
  font-size: 100%;
  box-sizing: border-box;
  background-color: unset;
  color: inherit;
  margin-top: 0.5rem !important;
}

.c12 {
  margin: unset;
  padding: unset;
  border: unset;
  background: unset;
  font: unset;
  font-family: inherit;
  font-size: 100%;
  box-sizing: border-box;
  background-color: white;
  color: inherit;
}

.c16 {
  margin: unset;
  padding: unset;
  border: unset;
  background: unset;
  font: unset;
  font-family: inherit;
  font-size: 100%;
  box-sizing: border-box;
  background-color: unset;
  color: inherit;
  margin-left: 0.5rem !important;
}

.c0 {
  box-sizing: border-box;
  font-family: system-ui,-apple-system,BlinkMacSystemFont,'Segoe UI',Roboto,Oxygen,Ubuntu,Cantarell,'Fira Sans', 'Droid Sans','Helvetica Neue',sans-serif;
  font-size: 16px;
  font-weight: 400;
  line-height: 1.5;
  margin: 0;
  padding: 0;
  overflow-x: hidden;
  -webkit-font-smoothing: antialiased;
  text-rendering: optimizeLegibility;
  color: #435a6f;
  fill: #435a6f;
}

.c0 *,
.c0 *::before,
.c0 *::after {
  box-sizing: inherit;
}

.c0 *:focus {
  outline: 2px solid #7467c0;
  outline-offset: 2px;
}

.c5 {
  display: inline-block;
}

.c2 {
  display: -webkit-box;
  display: -webkit-flex;
  display: -ms-flexbox;
  display: flex;
}

.c14 {
  border: 1px solid #bdbdbd;
  box-shadow: inset 0px 1px 2px #e5e5e5;
  border-radius: 100%;
  height: 1em;
  position: relative;
  width: 1em;
}

.c11 {
  -webkit-clip: rect(0,0,0,0);
  clip: rect(0,0,0,0);
  height: 1px;
  margin: -1px;
  overflow: hidden;
  position: absolute;
  width: 1px;
}

.c11[disabled] + .c13 {
  background-color: #f2f2f2;
  box-shadow: unset;
}

.c11:checked:focus + .c13 {
  border-color: #7467c0;
  box-shadow: #7467c0 0px 0px 0px 1px !important;
}

.c11:focus + .c13 {
  border-color: #7467c0;
  box-shadow: #7467c0 0px 0px 0px 1px !important;
}

.c11:not([disabled]):checked + .c13 {
  border-color: #7467c0;
}

.c11:checked + .c13::before {
  background: #7467c0;
  border-radius: 50%;
  content: '';
  height: 8px;
  left: 50%;
  position: absolute;
  top: 50%;
  -webkit-transform: translate(-50%,-50%);
  -ms-transform: translate(-50%,-50%);
  transform: translate(-50%,-50%);
  width: 8px;
}

.c11[disabled]:checked + .c13::before {
  background: #9a9a9a;
}

.c10 {
  display: -webkit-box;
  display: -webkit-flex;
  display: -ms-flexbox;
  display: flex;
  -webkit-align-items: center;
  -webkit-box-align: center;
  -ms-flex-align: center;
  align-items: center;
}

.c7 .c9:not(:last-child) {
  margin-bottom: 0.5rem;
}

abbr.c15 {
  border-bottom: 1px dotted;
  cursor: help;
  -webkit-text-decoration: none;
  text-decoration: none;
}

i.c15 {
  font-style: italic;
}

kbd.c15 {
  background: #454d5d;
  border-radius: 0.1rem;
  color: #fff;
  fill: #fff;
  padding: 0.1rem 0.2rem;
}

mark.c15 {
  background: #ffe9b3;
  border-radius: 0.1rem;
  padding: 0.1rem 0.2rem;
}

strong.c15 {
  font-weight: bold;
}

sub.c15,
sup.c15 {
  font-size: 0.8em;
  vertical-align: baseline;
}

ins.c15,
u.c15 {
  -webkit-text-decoration-skip: ink edges;
  text-decoration-skip: ink edges;
}

i.c15,
cite.c15,
var.c15,
em.c15 {
  font-style: italic;
}

kbd.c15,
pre.c15,
samp.c15 {
  font-family: 'SF Mono','Segoe UI Mono','Roboto Mono',Menlo,Courier,monospace;
}

.c15 .c17 {
  top: 0.1em;
}

.c4 {
  display: block;
}

.c3 {
  margin-bottom: 0 !important;
}

<div
  class="c0 c1"
>
  <div
    class="c1"
    display="inline-block"
    style="display: inline-block;"
  >
    <div
      class="c2 c1"
      style="align-items: center;"
    >
      <label
        class="c3 c4 c5 c6"
        font-weight="600"
        for="weather"
        style="font-weight: 600;"
      >
        Weather
      </label>
    </div>
    <div />
    <div
      aria-describedby="label"
      aria-invalid="false"
      class="c7 c8"
      role="group"
    >
      <label
        aria-describedby="label"
        aria-invalid="false"
        aria-label="Sunny"
        aria-required="false"
        class="c9 c10 c5 c1"
      >
        <input
          class="c11 c12"
          disabled=""
          id="weather"
          name="weather"
          type="radio"
          value="\\"sunny\\""
        />
        <div
          class="c13 c14 c1"
        />
        <span
          class="c15 c16"
          for="weather"
          id="label"
        >
          Sunny
        </span>
      </label>
      <label
        aria-describedby="label"
        aria-invalid="false"
        aria-label="Windy"
        aria-required="false"
        class="c9 c10 c5 c1"
      >
        <input
          class="c11 c12"
          id="weather"
          name="weather"
          type="radio"
          value="\\"windy\\""
        />
        <div
          class="c13 c14 c1"
        />
        <span
          class="c15 c16"
          for="weather"
          id="label"
        >
          Windy
        </span>
      </label>
      <label
        aria-describedby="label"
        aria-invalid="false"
        aria-label="Overcast"
        aria-required="false"
        class="c9 c10 c5 c1"
      >
        <input
          class="c11 c12"
          id="weather"
          name="weather"
          type="radio"
          value="\\"overcast\\""
        />
        <div
          class="c13 c14 c1"
        />
        <span
          class="c15 c16"
          for="weather"
          id="label"
        >
          Overcast
        </span>
      </label>
    </div>
    <div />
  </div>
</div>
`;

exports[`renders correctly for a required field 1`] = `
.c1 {
  margin: unset;
  padding: unset;
  border: unset;
  background: unset;
  font: unset;
  font-family: inherit;
  font-size: 100%;
  box-sizing: border-box;
  background-color: unset;
  color: inherit;
}

.c6 {
  margin: unset;
  padding: unset;
  border: unset;
  background: unset;
  font: unset;
  font-family: inherit;
  font-size: 100%;
  box-sizing: border-box;
  background-color: unset;
  color: inherit;
  margin-bottom: 0.25rem !important;
}

.c8 {
  margin: unset;
  padding: unset;
  border: unset;
  background: unset;
  font: unset;
  font-family: inherit;
  font-size: 100%;
  box-sizing: border-box;
  background-color: unset;
  color: inherit;
  margin-top: 0.5rem !important;
}

.c12 {
  margin: unset;
  padding: unset;
  border: unset;
  background: unset;
  font: unset;
  font-family: inherit;
  font-size: 100%;
  box-sizing: border-box;
  background-color: white;
  color: inherit;
}

.c16 {
  margin: unset;
  padding: unset;
  border: unset;
  background: unset;
  font: unset;
  font-family: inherit;
  font-size: 100%;
  box-sizing: border-box;
  background-color: unset;
  color: inherit;
  margin-left: 0.5rem !important;
}

.c0 {
  box-sizing: border-box;
  font-family: system-ui,-apple-system,BlinkMacSystemFont,'Segoe UI',Roboto,Oxygen,Ubuntu,Cantarell,'Fira Sans', 'Droid Sans','Helvetica Neue',sans-serif;
  font-size: 16px;
  font-weight: 400;
  line-height: 1.5;
  margin: 0;
  padding: 0;
  overflow-x: hidden;
  -webkit-font-smoothing: antialiased;
  text-rendering: optimizeLegibility;
  color: #435a6f;
  fill: #435a6f;
}

.c0 *,
.c0 *::before,
.c0 *::after {
  box-sizing: inherit;
}

.c0 *:focus {
  outline: 2px solid #7467c0;
  outline-offset: 2px;
}

.c5 {
  display: inline-block;
}

.c2 {
  display: -webkit-box;
  display: -webkit-flex;
  display: -ms-flexbox;
  display: flex;
}

.c14 {
  border: 1px solid #bdbdbd;
  box-shadow: inset 0px 1px 2px #e5e5e5;
  border-radius: 100%;
  height: 1em;
  position: relative;
  width: 1em;
}

.c11 {
  -webkit-clip: rect(0,0,0,0);
  clip: rect(0,0,0,0);
  height: 1px;
  margin: -1px;
  overflow: hidden;
  position: absolute;
  width: 1px;
}

.c11[disabled] + .c13 {
  background-color: #f2f2f2;
  box-shadow: unset;
}

.c11:checked:focus + .c13 {
  border-color: #7467c0;
  box-shadow: #7467c0 0px 0px 0px 1px !important;
}

.c11:focus + .c13 {
  border-color: #7467c0;
  box-shadow: #7467c0 0px 0px 0px 1px !important;
}

.c11:not([disabled]):checked + .c13 {
  border-color: #7467c0;
}

.c11:checked + .c13::before {
  background: #7467c0;
  border-radius: 50%;
  content: '';
  height: 8px;
  left: 50%;
  position: absolute;
  top: 50%;
  -webkit-transform: translate(-50%,-50%);
  -ms-transform: translate(-50%,-50%);
  transform: translate(-50%,-50%);
  width: 8px;
}

.c11[disabled]:checked + .c13::before {
  background: #9a9a9a;
}

.c17[disabled] + .c13 {
  background-color: #f2f2f2;
  box-shadow: unset;
}

.c17:checked:focus + .c13 {
  border-color: #7467c0;
  box-shadow: #7467c0 0px 0px 0px 1px !important;
}

.c17:focus + .c13 {
  border-color: #7467c0;
  box-shadow: #7467c0 0px 0px 0px 1px !important;
}

.c17:not([disabled]):checked + .c13 {
  border-color: #7467c0;
}

.c17:checked + .c13 {
  box-shadow: #7467c0 0px 0px 0px 1px !important;
}

.c17:checked + .c13::before {
  background: #7467c0;
  border-radius: 50%;
  content: '';
  height: 8px;
  left: 50%;
  position: absolute;
  top: 50%;
  -webkit-transform: translate(-50%,-50%);
  -ms-transform: translate(-50%,-50%);
  transform: translate(-50%,-50%);
  width: 8px;
}

.c17[disabled]:checked + .c13::before {
  background: #9a9a9a;
}

.c10 {
  display: -webkit-box;
  display: -webkit-flex;
  display: -ms-flexbox;
  display: flex;
  -webkit-align-items: center;
  -webkit-box-align: center;
  -ms-flex-align: center;
  align-items: center;
}

.c7 .c9:not(:last-child) {
  margin-bottom: 0.5rem;
}

abbr.c15 {
  border-bottom: 1px dotted;
  cursor: help;
  -webkit-text-decoration: none;
  text-decoration: none;
}

i.c15 {
  font-style: italic;
}

kbd.c15 {
  background: #454d5d;
  border-radius: 0.1rem;
  color: #fff;
  fill: #fff;
  padding: 0.1rem 0.2rem;
}

mark.c15 {
  background: #ffe9b3;
  border-radius: 0.1rem;
  padding: 0.1rem 0.2rem;
}

strong.c15 {
  font-weight: bold;
}

sub.c15,
sup.c15 {
  font-size: 0.8em;
  vertical-align: baseline;
}

ins.c15,
u.c15 {
  -webkit-text-decoration-skip: ink edges;
  text-decoration-skip: ink edges;
}

i.c15,
cite.c15,
var.c15,
em.c15 {
  font-style: italic;
}

kbd.c15,
pre.c15,
samp.c15 {
  font-family: 'SF Mono','Segoe UI Mono','Roboto Mono',Menlo,Courier,monospace;
}

.c15 .c18 {
  top: 0.1em;
}

.c4 {
  display: block;
}

.c3 {
  margin-bottom: 0 !important;
}

<div
  class="c0 c1"
>
  <div
    class="c1"
    display="inline-block"
    style="display: inline-block;"
  >
    <div
      class="c2 c1"
      style="align-items: center;"
    >
      <label
        class="c3 c4 c5 c6"
        font-weight="600"
        for="username"
        style="font-weight: 600;"
      >
        Username
      </label>
    </div>
    <div />
    <div
      aria-describedby="label"
      aria-invalid="false"
      class="c7 c8"
      role="group"
    >
      <label
        aria-describedby="label"
        aria-invalid="false"
        aria-label="Sunny"
        aria-required="false"
        class="c9 c10 c5 c1"
      >
        <input
          class="c11 c12"
          id="username"
          name="weather"
          type="radio"
          value="\\"sunny\\""
        />
        <div
          class="c13 c14 c1"
        />
        <span
          class="c15 c16"
          for="username"
          id="label"
        >
          Sunny
        </span>
      </label>
      <label
        aria-describedby="label"
        aria-invalid="false"
        aria-label="Windy"
        aria-required="false"
        class="c9 c10 c5 c1"
      >
        <input
          class="c11 c12"
          id="username"
          name="weather"
          type="radio"
          value="\\"windy\\""
        />
        <div
          class="c13 c14 c1"
        />
        <span
          class="c15 c16"
          for="username"
          id="label"
        >
          Windy
        </span>
      </label>
      <label
        aria-describedby="label"
        aria-invalid="false"
        aria-label="Overcast"
        aria-required="false"
        class="c9 c10 c5 c1"
      >
        <input
          class="c11 c12"
          id="username"
          name="weather"
          type="radio"
          value="\\"overcast\\""
        />
        <div
          class="c13 c14 c1"
        />
        <span
          class="c15 c16"
          for="username"
          id="label"
        >
          Overcast
        </span>
      </label>
    </div>
    <div />
  </div>
</div>
`;

exports[`renders correctly for an input field with a description 1`] = `
.c1 {
  margin: unset;
  padding: unset;
  border: unset;
  background: unset;
  font: unset;
  font-family: inherit;
  font-size: 100%;
  box-sizing: border-box;
  background-color: unset;
  color: inherit;
}

.c6 {
  margin: unset;
  padding: unset;
  border: unset;
  background: unset;
  font: unset;
  font-family: inherit;
  font-size: 100%;
  box-sizing: border-box;
  background-color: unset;
  color: inherit;
  margin-bottom: 0.25rem !important;
}

.c10 {
  margin: unset;
  padding: unset;
  border: unset;
  background: unset;
  font: unset;
  font-family: inherit;
  font-size: 100%;
  box-sizing: border-box;
  background-color: unset;
  color: inherit;
  margin-top: 0.5rem !important;
}

.c14 {
  margin: unset;
  padding: unset;
  border: unset;
  background: unset;
  font: unset;
  font-family: inherit;
  font-size: 100%;
  box-sizing: border-box;
  background-color: white;
  color: inherit;
}

.c17 {
  margin: unset;
  padding: unset;
  border: unset;
  background: unset;
  font: unset;
  font-family: inherit;
  font-size: 100%;
  box-sizing: border-box;
  background-color: unset;
  color: inherit;
  margin-left: 0.5rem !important;
}

.c0 {
  box-sizing: border-box;
  font-family: system-ui,-apple-system,BlinkMacSystemFont,'Segoe UI',Roboto,Oxygen,Ubuntu,Cantarell,'Fira Sans', 'Droid Sans','Helvetica Neue',sans-serif;
  font-size: 16px;
  font-weight: 400;
  line-height: 1.5;
  margin: 0;
  padding: 0;
  overflow-x: hidden;
  -webkit-font-smoothing: antialiased;
  text-rendering: optimizeLegibility;
  color: #435a6f;
  fill: #435a6f;
}

.c0 *,
.c0 *::before,
.c0 *::after {
  box-sizing: inherit;
}

.c0 *:focus {
  outline: 2px solid #7467c0;
  outline-offset: 2px;
}

.c5 {
  display: inline-block;
}

.c2 {
  display: -webkit-box;
  display: -webkit-flex;
  display: -ms-flexbox;
  display: flex;
}

.c16 {
  border: 1px solid #bdbdbd;
  box-shadow: inset 0px 1px 2px #e5e5e5;
  border-radius: 100%;
  height: 1em;
  position: relative;
  width: 1em;
}

.c13 {
  -webkit-clip: rect(0,0,0,0);
  clip: rect(0,0,0,0);
  height: 1px;
  margin: -1px;
  overflow: hidden;
  position: absolute;
  width: 1px;
}

.c13[disabled] + .c15 {
  background-color: #f2f2f2;
  box-shadow: unset;
}

.c13:checked:focus + .c15 {
  border-color: #7467c0;
  box-shadow: #7467c0 0px 0px 0px 1px !important;
}

.c13:focus + .c15 {
  border-color: #7467c0;
  box-shadow: #7467c0 0px 0px 0px 1px !important;
}

.c13:not([disabled]):checked + .c15 {
  border-color: #7467c0;
}

.c13:checked + .c15::before {
  background: #7467c0;
  border-radius: 50%;
  content: '';
  height: 8px;
  left: 50%;
  position: absolute;
  top: 50%;
  -webkit-transform: translate(-50%,-50%);
  -ms-transform: translate(-50%,-50%);
  transform: translate(-50%,-50%);
  width: 8px;
}

.c13[disabled]:checked + .c15::before {
  background: #9a9a9a;
}

.c18[disabled] + .c15 {
  background-color: #f2f2f2;
  box-shadow: unset;
}

.c18:checked:focus + .c15 {
  border-color: #7467c0;
  box-shadow: #7467c0 0px 0px 0px 1px !important;
}

.c18:focus + .c15 {
  border-color: #7467c0;
  box-shadow: #7467c0 0px 0px 0px 1px !important;
}

.c18:not([disabled]):checked + .c15 {
  border-color: #7467c0;
}

.c18:checked + .c15 {
  box-shadow: #7467c0 0px 0px 0px 1px !important;
}

.c18:checked + .c15::before {
  background: #7467c0;
  border-radius: 50%;
  content: '';
  height: 8px;
  left: 50%;
  position: absolute;
  top: 50%;
  -webkit-transform: translate(-50%,-50%);
  -ms-transform: translate(-50%,-50%);
  transform: translate(-50%,-50%);
  width: 8px;
}

.c18[disabled]:checked + .c15::before {
  background: #9a9a9a;
}

.c12 {
  display: -webkit-box;
  display: -webkit-flex;
  display: -ms-flexbox;
  display: flex;
  -webkit-align-items: center;
  -webkit-box-align: center;
  -ms-flex-align: center;
  align-items: center;
}

.c9 .c11:not(:last-child) {
  margin-bottom: 0.5rem;
}

abbr.c8 {
  border-bottom: 1px dotted;
  cursor: help;
  -webkit-text-decoration: none;
  text-decoration: none;
}

i.c8 {
  font-style: italic;
}

kbd.c8 {
  background: #454d5d;
  border-radius: 0.1rem;
  color: #fff;
  fill: #fff;
  padding: 0.1rem 0.2rem;
}

mark.c8 {
  background: #ffe9b3;
  border-radius: 0.1rem;
  padding: 0.1rem 0.2rem;
}

strong.c8 {
  font-weight: bold;
}

sub.c8,
sup.c8 {
  font-size: 0.8em;
  vertical-align: baseline;
}

ins.c8,
u.c8 {
  -webkit-text-decoration-skip: ink edges;
  text-decoration-skip: ink edges;
}

i.c8,
cite.c8,
var.c8,
em.c8 {
  font-style: italic;
}

kbd.c8,
pre.c8,
samp.c8 {
  font-family: 'SF Mono','Segoe UI Mono','Roboto Mono',Menlo,Courier,monospace;
}

.c8 .c19 {
  top: 0.1em;
}

.c4 {
  display: block;
}

.c3 {
  margin-bottom: 0 !important;
}

.c7 {
  display: block;
  font-size: 0.8rem;
}

<div
  class="c0 c1"
>
  <div
    class="c1"
    display="inline-block"
    style="display: inline-block;"
  >
    <div
      class="c2 c1"
      style="align-items: center;"
    >
      <label
        class="c3 c4 c5 c6"
        font-weight="600"
        for="username"
        style="font-weight: 600;"
      >
        Username
      </label>
    </div>
    <span
      class="c7 c8 c1"
    >
      Required for your fannypack
    </span>
    <div
      aria-describedby="label"
      aria-invalid="false"
      class="c9 c10"
      role="group"
    >
      <label
        aria-describedby="label"
        aria-invalid="false"
        aria-label="Sunny"
        aria-required="false"
        class="c11 c12 c5 c1"
      >
        <input
          class="c13 c14"
          id="username"
          name="weather"
          type="radio"
          value="\\"sunny\\""
        />
        <div
          class="c15 c16 c1"
        />
        <span
          class="c8 c17"
          for="username"
          id="label"
        >
          Sunny
        </span>
      </label>
      <label
        aria-describedby="label"
        aria-invalid="false"
        aria-label="Windy"
        aria-required="false"
        class="c11 c12 c5 c1"
      >
        <input
          class="c13 c14"
          id="username"
          name="weather"
          type="radio"
          value="\\"windy\\""
        />
        <div
          class="c15 c16 c1"
        />
        <span
          class="c8 c17"
          for="username"
          id="label"
        >
          Windy
        </span>
      </label>
      <label
        aria-describedby="label"
        aria-invalid="false"
        aria-label="Overcast"
        aria-required="false"
        class="c11 c12 c5 c1"
      >
        <input
          class="c13 c14"
          id="username"
          name="weather"
          type="radio"
          value="\\"overcast\\""
        />
        <div
          class="c15 c16 c1"
        />
        <span
          class="c8 c17"
          for="username"
          id="label"
        >
          Overcast
        </span>
      </label>
    </div>
    <div />
  </div>
</div>
`;

exports[`renders correctly for an input field with a hint 1`] = `
.c1 {
  margin: unset;
  padding: unset;
  border: unset;
  background: unset;
  font: unset;
  font-family: inherit;
  font-size: 100%;
  box-sizing: border-box;
  background-color: unset;
  color: inherit;
}

.c6 {
  margin: unset;
  padding: unset;
  border: unset;
  background: unset;
  font: unset;
  font-family: inherit;
  font-size: 100%;
  box-sizing: border-box;
  background-color: unset;
  color: inherit;
  margin-bottom: 0.25rem !important;
}

.c8 {
  margin: unset;
  padding: unset;
  border: unset;
  background: unset;
  font: unset;
  font-family: inherit;
  font-size: 100%;
  box-sizing: border-box;
  background-color: unset;
  color: inherit;
  margin-top: 0.5rem !important;
}

.c12 {
  margin: unset;
  padding: unset;
  border: unset;
  background: unset;
  font: unset;
  font-family: inherit;
  font-size: 100%;
  box-sizing: border-box;
  background-color: white;
  color: inherit;
}

.c16 {
  margin: unset;
  padding: unset;
  border: unset;
  background: unset;
  font: unset;
  font-family: inherit;
  font-size: 100%;
  box-sizing: border-box;
  background-color: unset;
  color: inherit;
  margin-left: 0.5rem !important;
}

.c0 {
  box-sizing: border-box;
  font-family: system-ui,-apple-system,BlinkMacSystemFont,'Segoe UI',Roboto,Oxygen,Ubuntu,Cantarell,'Fira Sans', 'Droid Sans','Helvetica Neue',sans-serif;
  font-size: 16px;
  font-weight: 400;
  line-height: 1.5;
  margin: 0;
  padding: 0;
  overflow-x: hidden;
  -webkit-font-smoothing: antialiased;
  text-rendering: optimizeLegibility;
  color: #435a6f;
  fill: #435a6f;
}

.c0 *,
.c0 *::before,
.c0 *::after {
  box-sizing: inherit;
}

.c0 *:focus {
  outline: 2px solid #7467c0;
  outline-offset: 2px;
}

.c5 {
  display: inline-block;
}

.c2 {
  display: -webkit-box;
  display: -webkit-flex;
  display: -ms-flexbox;
  display: flex;
}

.c14 {
  border: 1px solid #bdbdbd;
  box-shadow: inset 0px 1px 2px #e5e5e5;
  border-radius: 100%;
  height: 1em;
  position: relative;
  width: 1em;
}

.c11 {
  -webkit-clip: rect(0,0,0,0);
  clip: rect(0,0,0,0);
  height: 1px;
  margin: -1px;
  overflow: hidden;
  position: absolute;
  width: 1px;
}

.c11[disabled] + .c13 {
  background-color: #f2f2f2;
  box-shadow: unset;
}

.c11:checked:focus + .c13 {
  border-color: #7467c0;
  box-shadow: #7467c0 0px 0px 0px 1px !important;
}

.c11:focus + .c13 {
  border-color: #7467c0;
  box-shadow: #7467c0 0px 0px 0px 1px !important;
}

.c11:not([disabled]):checked + .c13 {
  border-color: #7467c0;
}

.c11:checked + .c13::before {
  background: #7467c0;
  border-radius: 50%;
  content: '';
  height: 8px;
  left: 50%;
  position: absolute;
  top: 50%;
  -webkit-transform: translate(-50%,-50%);
  -ms-transform: translate(-50%,-50%);
  transform: translate(-50%,-50%);
  width: 8px;
}

.c11[disabled]:checked + .c13::before {
  background: #9a9a9a;
}

.c18[disabled] + .c13 {
  background-color: #f2f2f2;
  box-shadow: unset;
}

.c18:checked:focus + .c13 {
  border-color: #7467c0;
  box-shadow: #7467c0 0px 0px 0px 1px !important;
}

.c18:focus + .c13 {
  border-color: #7467c0;
  box-shadow: #7467c0 0px 0px 0px 1px !important;
}

.c18:not([disabled]):checked + .c13 {
  border-color: #7467c0;
}

.c18:checked + .c13 {
  box-shadow: #7467c0 0px 0px 0px 1px !important;
}

.c18:checked + .c13::before {
  background: #7467c0;
  border-radius: 50%;
  content: '';
  height: 8px;
  left: 50%;
  position: absolute;
  top: 50%;
  -webkit-transform: translate(-50%,-50%);
  -ms-transform: translate(-50%,-50%);
  transform: translate(-50%,-50%);
  width: 8px;
}

.c18[disabled]:checked + .c13::before {
  background: #9a9a9a;
}

.c10 {
  display: -webkit-box;
  display: -webkit-flex;
  display: -ms-flexbox;
  display: flex;
  -webkit-align-items: center;
  -webkit-box-align: center;
  -ms-flex-align: center;
  align-items: center;
}

.c7 .c9:not(:last-child) {
  margin-bottom: 0.5rem;
}

abbr.c15 {
  border-bottom: 1px dotted;
  cursor: help;
  -webkit-text-decoration: none;
  text-decoration: none;
}

i.c15 {
  font-style: italic;
}

kbd.c15 {
  background: #454d5d;
  border-radius: 0.1rem;
  color: #fff;
  fill: #fff;
  padding: 0.1rem 0.2rem;
}

mark.c15 {
  background: #ffe9b3;
  border-radius: 0.1rem;
  padding: 0.1rem 0.2rem;
}

strong.c15 {
  font-weight: bold;
}

sub.c15,
sup.c15 {
  font-size: 0.8em;
  vertical-align: baseline;
}

ins.c15,
u.c15 {
  -webkit-text-decoration-skip: ink edges;
  text-decoration-skip: ink edges;
}

i.c15,
cite.c15,
var.c15,
em.c15 {
  font-style: italic;
}

kbd.c15,
pre.c15,
samp.c15 {
  font-family: 'SF Mono','Segoe UI Mono','Roboto Mono',Menlo,Courier,monospace;
}

.c15 .c19 {
  top: 0.1em;
}

.c4 {
  display: block;
}

.c3 {
  margin-bottom: 0 !important;
}

.c17 {
  display: block;
  font-size: 0.8rem;
  margin-top: 0.25rem;
}

<div
  class="c0 c1"
>
  <div
    class="c1"
    display="inline-block"
    style="display: inline-block;"
  >
    <div
      class="c2 c1"
      style="align-items: center;"
    >
      <label
        class="c3 c4 c5 c6"
        font-weight="600"
        for="username"
        style="font-weight: 600;"
      >
        Username
      </label>
    </div>
    <div />
    <div
      aria-describedby="label"
      aria-invalid="false"
      class="c7 c8"
      role="group"
    >
      <label
        aria-describedby="label"
        aria-invalid="false"
        aria-label="Sunny"
        aria-required="false"
        class="c9 c10 c5 c1"
      >
        <input
          class="c11 c12"
          id="username"
          name="weather"
          type="radio"
          value="\\"sunny\\""
        />
        <div
          class="c13 c14 c1"
        />
        <span
          class="c15 c16"
          for="username"
          id="label"
        >
          Sunny
        </span>
      </label>
      <label
        aria-describedby="label"
        aria-invalid="false"
        aria-label="Windy"
        aria-required="false"
        class="c9 c10 c5 c1"
      >
        <input
          class="c11 c12"
          id="username"
          name="weather"
          type="radio"
          value="\\"windy\\""
        />
        <div
          class="c13 c14 c1"
        />
        <span
          class="c15 c16"
          for="username"
          id="label"
        >
          Windy
        </span>
      </label>
      <label
        aria-describedby="label"
        aria-invalid="false"
        aria-label="Overcast"
        aria-required="false"
        class="c9 c10 c5 c1"
      >
        <input
          class="c11 c12"
          id="username"
          name="weather"
          type="radio"
          value="\\"overcast\\""
        />
        <div
          class="c13 c14 c1"
        />
        <span
          class="c15 c16"
          for="username"
          id="label"
        >
          Overcast
        </span>
      </label>
    </div>
    <span
      class="c17 c15 c1"
    >
      Must be awesome
    </span>
  </div>
</div>
`;

exports[`renders correctly for an optional input field 1`] = `
.c1 {
  margin: unset;
  padding: unset;
  border: unset;
  background: unset;
  font: unset;
  font-family: inherit;
  font-size: 100%;
  box-sizing: border-box;
  background-color: unset;
  color: inherit;
}

.c6 {
  margin: unset;
  padding: unset;
  border: unset;
  background: unset;
  font: unset;
  font-family: inherit;
  font-size: 100%;
  box-sizing: border-box;
  background-color: unset;
  color: inherit;
  margin-bottom: 0.25rem !important;
}

.c10 {
  margin: unset;
  padding: unset;
  border: unset;
  background: unset;
  font: unset;
  font-family: inherit;
  font-size: 100%;
  box-sizing: border-box;
  background-color: unset;
  color: inherit;
  margin-top: 0.5rem !important;
}

.c14 {
  margin: unset;
  padding: unset;
  border: unset;
  background: unset;
  font: unset;
  font-family: inherit;
  font-size: 100%;
  box-sizing: border-box;
  background-color: white;
  color: inherit;
}

.c17 {
  margin: unset;
  padding: unset;
  border: unset;
  background: unset;
  font: unset;
  font-family: inherit;
  font-size: 100%;
  box-sizing: border-box;
  background-color: unset;
  color: inherit;
  margin-left: 0.5rem !important;
}

.c0 {
  box-sizing: border-box;
  font-family: system-ui,-apple-system,BlinkMacSystemFont,'Segoe UI',Roboto,Oxygen,Ubuntu,Cantarell,'Fira Sans', 'Droid Sans','Helvetica Neue',sans-serif;
  font-size: 16px;
  font-weight: 400;
  line-height: 1.5;
  margin: 0;
  padding: 0;
  overflow-x: hidden;
  -webkit-font-smoothing: antialiased;
  text-rendering: optimizeLegibility;
  color: #435a6f;
  fill: #435a6f;
}

.c0 *,
.c0 *::before,
.c0 *::after {
  box-sizing: inherit;
}

.c0 *:focus {
  outline: 2px solid #7467c0;
  outline-offset: 2px;
}

.c5 {
  display: inline-block;
}

.c2 {
  display: -webkit-box;
  display: -webkit-flex;
  display: -ms-flexbox;
  display: flex;
}

.c16 {
  border: 1px solid #bdbdbd;
  box-shadow: inset 0px 1px 2px #e5e5e5;
  border-radius: 100%;
  height: 1em;
  position: relative;
  width: 1em;
}

.c13 {
  -webkit-clip: rect(0,0,0,0);
  clip: rect(0,0,0,0);
  height: 1px;
  margin: -1px;
  overflow: hidden;
  position: absolute;
  width: 1px;
}

.c13[disabled] + .c15 {
  background-color: #f2f2f2;
  box-shadow: unset;
}

.c13:checked:focus + .c15 {
  border-color: #7467c0;
  box-shadow: #7467c0 0px 0px 0px 1px !important;
}

.c13:focus + .c15 {
  border-color: #7467c0;
  box-shadow: #7467c0 0px 0px 0px 1px !important;
}

.c13:not([disabled]):checked + .c15 {
  border-color: #7467c0;
}

.c13:checked + .c15::before {
  background: #7467c0;
  border-radius: 50%;
  content: '';
  height: 8px;
  left: 50%;
  position: absolute;
  top: 50%;
  -webkit-transform: translate(-50%,-50%);
  -ms-transform: translate(-50%,-50%);
  transform: translate(-50%,-50%);
  width: 8px;
}

.c13[disabled]:checked + .c15::before {
  background: #9a9a9a;
}

.c18[disabled] + .c15 {
  background-color: #f2f2f2;
  box-shadow: unset;
}

.c18:checked:focus + .c15 {
  border-color: #7467c0;
  box-shadow: #7467c0 0px 0px 0px 1px !important;
}

.c18:focus + .c15 {
  border-color: #7467c0;
  box-shadow: #7467c0 0px 0px 0px 1px !important;
}

.c18:not([disabled]):checked + .c15 {
  border-color: #7467c0;
}

.c18:checked + .c15 {
  box-shadow: #7467c0 0px 0px 0px 1px !important;
}

.c18:checked + .c15::before {
  background: #7467c0;
  border-radius: 50%;
  content: '';
  height: 8px;
  left: 50%;
  position: absolute;
  top: 50%;
  -webkit-transform: translate(-50%,-50%);
  -ms-transform: translate(-50%,-50%);
  transform: translate(-50%,-50%);
  width: 8px;
}

.c18[disabled]:checked + .c15::before {
  background: #9a9a9a;
}

.c12 {
  display: -webkit-box;
  display: -webkit-flex;
  display: -ms-flexbox;
  display: flex;
  -webkit-align-items: center;
  -webkit-box-align: center;
  -ms-flex-align: center;
  align-items: center;
}

.c9 .c11:not(:last-child) {
  margin-bottom: 0.5rem;
}

abbr.c8 {
  border-bottom: 1px dotted;
  cursor: help;
  -webkit-text-decoration: none;
  text-decoration: none;
}

i.c8 {
  font-style: italic;
}

kbd.c8 {
  background: #454d5d;
  border-radius: 0.1rem;
  color: #fff;
  fill: #fff;
  padding: 0.1rem 0.2rem;
}

mark.c8 {
  background: #ffe9b3;
  border-radius: 0.1rem;
  padding: 0.1rem 0.2rem;
}

strong.c8 {
  font-weight: bold;
}

sub.c8,
sup.c8 {
  font-size: 0.8em;
  vertical-align: baseline;
}

ins.c8,
u.c8 {
  -webkit-text-decoration-skip: ink edges;
  text-decoration-skip: ink edges;
}

i.c8,
cite.c8,
var.c8,
em.c8 {
  font-style: italic;
}

kbd.c8,
pre.c8,
samp.c8 {
  font-family: 'SF Mono','Segoe UI Mono','Roboto Mono',Menlo,Courier,monospace;
}

.c8 .c19 {
  top: 0.1em;
}

.c4 {
  display: block;
}

.c3 {
  margin-bottom: 0 !important;
}

.c7 {
  font-size: 0.8rem;
  color: #708da8;
  margin-left: 0.5rem;
}

<div
  class="c0 c1"
>
  <div
    class="c1"
    display="inline-block"
    style="display: inline-block;"
  >
    <div
      class="c2 c1"
      style="align-items: center;"
    >
      <label
        class="c3 c4 c5 c6"
        font-weight="600"
        for="username"
        style="font-weight: 600;"
      >
        Username
      </label>
      <span
        class="c7 c8 c1"
      >
        OPTIONAL
      </span>
    </div>
    <div />
    <div
      aria-describedby="label"
      aria-invalid="false"
      class="c9 c10"
      role="group"
    >
      <label
        aria-describedby="label"
        aria-invalid="false"
        aria-label="Sunny"
        aria-required="false"
        class="c11 c12 c5 c1"
      >
        <input
          class="c13 c14"
          id="username"
          name="weather"
          type="radio"
          value="\\"sunny\\""
        />
        <div
          class="c15 c16 c1"
        />
        <span
          class="c8 c17"
          for="username"
          id="label"
        >
          Sunny
        </span>
      </label>
      <label
        aria-describedby="label"
        aria-invalid="false"
        aria-label="Windy"
        aria-required="false"
        class="c11 c12 c5 c1"
      >
        <input
          class="c13 c14"
          id="username"
          name="weather"
          type="radio"
          value="\\"windy\\""
        />
        <div
          class="c15 c16 c1"
        />
        <span
          class="c8 c17"
          for="username"
          id="label"
        >
          Windy
        </span>
      </label>
      <label
        aria-describedby="label"
        aria-invalid="false"
        aria-label="Overcast"
        aria-required="false"
        class="c11 c12 c5 c1"
      >
        <input
          class="c13 c14"
          id="username"
          name="weather"
          type="radio"
          value="\\"overcast\\""
        />
        <div
          class="c15 c16 c1"
        />
        <span
          class="c8 c17"
          for="username"
          id="label"
        >
          Overcast
        </span>
      </label>
    </div>
    <div />
  </div>
</div>
`;

exports[`states renders correctly for an RadioGroupField with state danger 1`] = `
.c1 {
  margin: unset;
  padding: unset;
  border: unset;
  background: unset;
  font: unset;
  font-family: inherit;
  font-size: 100%;
  box-sizing: border-box;
  background-color: unset;
  color: inherit;
}

.c6 {
  margin: unset;
  padding: unset;
  border: unset;
  background: unset;
  font: unset;
  font-family: inherit;
  font-size: 100%;
  box-sizing: border-box;
  background-color: unset;
  color: inherit;
  margin-bottom: 0.25rem !important;
}

.c8 {
  margin: unset;
  padding: unset;
  border: unset;
  background: unset;
  font: unset;
  font-family: inherit;
  font-size: 100%;
  box-sizing: border-box;
  background-color: unset;
  color: inherit;
  margin-top: 0.5rem !important;
}

.c12 {
  margin: unset;
  padding: unset;
  border: unset;
  background: unset;
  font: unset;
  font-family: inherit;
  font-size: 100%;
  box-sizing: border-box;
  background-color: white;
  color: inherit;
}

.c16 {
  margin: unset;
  padding: unset;
  border: unset;
  background: unset;
  font: unset;
  font-family: inherit;
  font-size: 100%;
  box-sizing: border-box;
  background-color: unset;
  color: inherit;
  margin-left: 0.5rem !important;
}

.c0 {
  box-sizing: border-box;
  font-family: system-ui,-apple-system,BlinkMacSystemFont,'Segoe UI',Roboto,Oxygen,Ubuntu,Cantarell,'Fira Sans', 'Droid Sans','Helvetica Neue',sans-serif;
  font-size: 16px;
  font-weight: 400;
  line-height: 1.5;
  margin: 0;
  padding: 0;
  overflow-x: hidden;
  -webkit-font-smoothing: antialiased;
  text-rendering: optimizeLegibility;
  color: #435a6f;
  fill: #435a6f;
}

.c0 *,
.c0 *::before,
.c0 *::after {
  box-sizing: inherit;
}

.c0 *:focus {
  outline: 2px solid #7467c0;
  outline-offset: 2px;
}

.c5 {
  display: inline-block;
}

.c2 {
  display: -webkit-box;
  display: -webkit-flex;
  display: -ms-flexbox;
  display: flex;
}

.c14 {
  border: 1px solid #bdbdbd;
  box-shadow: inset 0px 1px 2px #e5e5e5;
  border-radius: 100%;
  height: 1em;
  position: relative;
  width: 1em;
}

.c14 {
  border-color: #e24c67;
  box-shadow: #e24c67 0px 0px 0px 1px !important;
}

.c17[disabled] + .c13 {
  background-color: #f2f2f2;
  box-shadow: unset;
}

.c17:checked:focus + .c13 {
  border-color: #7467c0;
  box-shadow: #7467c0 0px 0px 0px 1px !important;
}

.c17:focus + .c13 {
  border-color: #7467c0;
  box-shadow: #7467c0 0px 0px 0px 1px !important;
}

.c17:not([disabled]):checked + .c13 {
  border-color: #7467c0;
}

.c17:checked + .c13::before {
  background: #7467c0;
  border-radius: 50%;
  content: '';
  height: 8px;
  left: 50%;
  position: absolute;
  top: 50%;
  -webkit-transform: translate(-50%,-50%);
  -ms-transform: translate(-50%,-50%);
  transform: translate(-50%,-50%);
  width: 8px;
}

.c17[disabled]:checked + .c13::before {
  background: #9a9a9a;
}

.c11 {
  -webkit-clip: rect(0,0,0,0);
  clip: rect(0,0,0,0);
  height: 1px;
  margin: -1px;
  overflow: hidden;
  position: absolute;
  width: 1px;
}

.c11[disabled] + .c13 {
  background-color: #f2f2f2;
  box-shadow: unset;
}

.c11:checked:focus + .c13 {
  border-color: #7467c0;
  box-shadow: #7467c0 0px 0px 0px 1px !important;
}

.c11:focus + .c13 {
  border-color: #7467c0;
  box-shadow: #7467c0 0px 0px 0px 1px !important;
}

.c11:not([disabled]):checked + .c13 {
  border-color: #7467c0;
}

.c11:checked + .c13 {
  box-shadow: #7467c0 0px 0px 0px 1px !important;
}

.c11:checked + .c13::before {
  background: #7467c0;
  border-radius: 50%;
  content: '';
  height: 8px;
  left: 50%;
  position: absolute;
  top: 50%;
  -webkit-transform: translate(-50%,-50%);
  -ms-transform: translate(-50%,-50%);
  transform: translate(-50%,-50%);
  width: 8px;
}

.c11[disabled]:checked + .c13::before {
  background: #9a9a9a;
}

.c10 {
  display: -webkit-box;
  display: -webkit-flex;
  display: -ms-flexbox;
  display: flex;
  -webkit-align-items: center;
  -webkit-box-align: center;
  -ms-flex-align: center;
  align-items: center;
}

.c7 .c9:not(:last-child) {
  margin-bottom: 0.5rem;
}

abbr.c15 {
  border-bottom: 1px dotted;
  cursor: help;
  -webkit-text-decoration: none;
  text-decoration: none;
}

i.c15 {
  font-style: italic;
}

kbd.c15 {
  background: #454d5d;
  border-radius: 0.1rem;
  color: #fff;
  fill: #fff;
  padding: 0.1rem 0.2rem;
}

mark.c15 {
  background: #ffe9b3;
  border-radius: 0.1rem;
  padding: 0.1rem 0.2rem;
}

strong.c15 {
  font-weight: bold;
}

sub.c15,
sup.c15 {
  font-size: 0.8em;
  vertical-align: baseline;
}

ins.c15,
u.c15 {
  -webkit-text-decoration-skip: ink edges;
  text-decoration-skip: ink edges;
}

i.c15,
cite.c15,
var.c15,
em.c15 {
  font-style: italic;
}

kbd.c15,
pre.c15,
samp.c15 {
  font-family: 'SF Mono','Segoe UI Mono','Roboto Mono',Menlo,Courier,monospace;
}

.c15 .c18 {
  top: 0.1em;
}

.c4 {
  display: block;
}

.c3 {
  margin-bottom: 0 !important;
}

<div
  class="c0 c1"
>
  <div
    class="c1"
    display="inline-block"
    style="display: inline-block;"
  >
    <div
      class="c2 c1"
      style="align-items: center;"
    >
      <label
        class="c3 c4 c5 c6"
        font-weight="600"
        for="weather"
        style="font-weight: 600;"
      >
        Weather
      </label>
    </div>
    <div />
    <div
      aria-describedby="label"
      aria-invalid="true"
      class="c7 c8"
      role="group"
    >
      <label
        aria-describedby="label"
        aria-invalid="true"
        aria-label="Sunny"
        aria-required="false"
        class="c9 c10 c5 c1"
      >
        <input
          class="c11 c12"
          id="weather"
          name="weather"
          type="radio"
          value="\\"sunny\\""
        />
        <div
          class="c13 c14 c1"
        />
        <span
          class="c15 c16"
          for="weather"
          id="label"
        >
          Sunny
        </span>
      </label>
      <label
        aria-describedby="label"
        aria-invalid="true"
        aria-label="Windy"
        aria-required="false"
        class="c9 c10 c5 c1"
      >
        <input
          class="c11 c12"
          id="weather"
          name="weather"
          type="radio"
          value="\\"windy\\""
        />
        <div
          class="c13 c14 c1"
        />
        <span
          class="c15 c16"
          for="weather"
          id="label"
        >
          Windy
        </span>
      </label>
      <label
        aria-describedby="label"
        aria-invalid="true"
        aria-label="Overcast"
        aria-required="false"
        class="c9 c10 c5 c1"
      >
        <input
          class="c11 c12"
          id="weather"
          name="weather"
          type="radio"
          value="\\"overcast\\""
        />
        <div
          class="c13 c14 c1"
        />
        <span
          class="c15 c16"
          for="weather"
          id="label"
        >
          Overcast
        </span>
      </label>
    </div>
    <div />
  </div>
</div>
`;

exports[`states renders correctly for an RadioGroupField with state primary 1`] = `
.c1 {
  margin: unset;
  padding: unset;
  border: unset;
  background: unset;
  font: unset;
  font-family: inherit;
  font-size: 100%;
  box-sizing: border-box;
  background-color: unset;
  color: inherit;
}

.c6 {
  margin: unset;
  padding: unset;
  border: unset;
  background: unset;
  font: unset;
  font-family: inherit;
  font-size: 100%;
  box-sizing: border-box;
  background-color: unset;
  color: inherit;
  margin-bottom: 0.25rem !important;
}

.c8 {
  margin: unset;
  padding: unset;
  border: unset;
  background: unset;
  font: unset;
  font-family: inherit;
  font-size: 100%;
  box-sizing: border-box;
  background-color: unset;
  color: inherit;
  margin-top: 0.5rem !important;
}

.c12 {
  margin: unset;
  padding: unset;
  border: unset;
  background: unset;
  font: unset;
  font-family: inherit;
  font-size: 100%;
  box-sizing: border-box;
  background-color: white;
  color: inherit;
}

.c16 {
  margin: unset;
  padding: unset;
  border: unset;
  background: unset;
  font: unset;
  font-family: inherit;
  font-size: 100%;
  box-sizing: border-box;
  background-color: unset;
  color: inherit;
  margin-left: 0.5rem !important;
}

.c0 {
  box-sizing: border-box;
  font-family: system-ui,-apple-system,BlinkMacSystemFont,'Segoe UI',Roboto,Oxygen,Ubuntu,Cantarell,'Fira Sans', 'Droid Sans','Helvetica Neue',sans-serif;
  font-size: 16px;
  font-weight: 400;
  line-height: 1.5;
  margin: 0;
  padding: 0;
  overflow-x: hidden;
  -webkit-font-smoothing: antialiased;
  text-rendering: optimizeLegibility;
  color: #435a6f;
  fill: #435a6f;
}

.c0 *,
.c0 *::before,
.c0 *::after {
  box-sizing: inherit;
}

.c0 *:focus {
  outline: 2px solid #7467c0;
  outline-offset: 2px;
}

.c5 {
  display: inline-block;
}

.c2 {
  display: -webkit-box;
  display: -webkit-flex;
  display: -ms-flexbox;
  display: flex;
}

.c14 {
  border: 1px solid #bdbdbd;
  box-shadow: inset 0px 1px 2px #e5e5e5;
  border-radius: 100%;
  height: 1em;
  position: relative;
  width: 1em;
}

.c14 {
  border-color: #7467c0;
  box-shadow: #7467c0 0px 0px 0px 1px !important;
}

.c17[disabled] + .c13 {
  background-color: #f2f2f2;
  box-shadow: unset;
}

.c17:checked:focus + .c13 {
  border-color: #7467c0;
  box-shadow: #7467c0 0px 0px 0px 1px !important;
}

.c17:focus + .c13 {
  border-color: #7467c0;
  box-shadow: #7467c0 0px 0px 0px 1px !important;
}

.c17:not([disabled]):checked + .c13 {
  border-color: #7467c0;
}

.c17:checked + .c13::before {
  background: #7467c0;
  border-radius: 50%;
  content: '';
  height: 8px;
  left: 50%;
  position: absolute;
  top: 50%;
  -webkit-transform: translate(-50%,-50%);
  -ms-transform: translate(-50%,-50%);
  transform: translate(-50%,-50%);
  width: 8px;
}

.c17[disabled]:checked + .c13::before {
  background: #9a9a9a;
}

.c11 {
  -webkit-clip: rect(0,0,0,0);
  clip: rect(0,0,0,0);
  height: 1px;
  margin: -1px;
  overflow: hidden;
  position: absolute;
  width: 1px;
}

.c11[disabled] + .c13 {
  background-color: #f2f2f2;
  box-shadow: unset;
}

.c11:checked:focus + .c13 {
  border-color: #7467c0;
  box-shadow: #7467c0 0px 0px 0px 1px !important;
}

.c11:focus + .c13 {
  border-color: #7467c0;
  box-shadow: #7467c0 0px 0px 0px 1px !important;
}

.c11:not([disabled]):checked + .c13 {
  border-color: #7467c0;
}

.c11:checked + .c13 {
  box-shadow: #7467c0 0px 0px 0px 1px !important;
}

.c11:checked + .c13::before {
  background: #7467c0;
  border-radius: 50%;
  content: '';
  height: 8px;
  left: 50%;
  position: absolute;
  top: 50%;
  -webkit-transform: translate(-50%,-50%);
  -ms-transform: translate(-50%,-50%);
  transform: translate(-50%,-50%);
  width: 8px;
}

.c11[disabled]:checked + .c13::before {
  background: #9a9a9a;
}

.c10 {
  display: -webkit-box;
  display: -webkit-flex;
  display: -ms-flexbox;
  display: flex;
  -webkit-align-items: center;
  -webkit-box-align: center;
  -ms-flex-align: center;
  align-items: center;
}

.c7 .c9:not(:last-child) {
  margin-bottom: 0.5rem;
}

abbr.c15 {
  border-bottom: 1px dotted;
  cursor: help;
  -webkit-text-decoration: none;
  text-decoration: none;
}

i.c15 {
  font-style: italic;
}

kbd.c15 {
  background: #454d5d;
  border-radius: 0.1rem;
  color: #fff;
  fill: #fff;
  padding: 0.1rem 0.2rem;
}

mark.c15 {
  background: #ffe9b3;
  border-radius: 0.1rem;
  padding: 0.1rem 0.2rem;
}

strong.c15 {
  font-weight: bold;
}

sub.c15,
sup.c15 {
  font-size: 0.8em;
  vertical-align: baseline;
}

ins.c15,
u.c15 {
  -webkit-text-decoration-skip: ink edges;
  text-decoration-skip: ink edges;
}

i.c15,
cite.c15,
var.c15,
em.c15 {
  font-style: italic;
}

kbd.c15,
pre.c15,
samp.c15 {
  font-family: 'SF Mono','Segoe UI Mono','Roboto Mono',Menlo,Courier,monospace;
}

.c15 .c18 {
  top: 0.1em;
}

.c4 {
  display: block;
}

.c3 {
  margin-bottom: 0 !important;
}

<div
  class="c0 c1"
>
  <div
    class="c1"
    display="inline-block"
    style="display: inline-block;"
  >
    <div
      class="c2 c1"
      style="align-items: center;"
    >
      <label
        class="c3 c4 c5 c6"
        font-weight="600"
        for="weather"
        style="font-weight: 600;"
      >
        Weather
      </label>
    </div>
    <div />
    <div
      aria-describedby="label"
      aria-invalid="false"
      class="c7 c8"
      role="group"
    >
      <label
        aria-describedby="label"
        aria-invalid="false"
        aria-label="Sunny"
        aria-required="false"
        class="c9 c10 c5 c1"
      >
        <input
          class="c11 c12"
          id="weather"
          name="weather"
          type="radio"
          value="\\"sunny\\""
        />
        <div
          class="c13 c14 c1"
        />
        <span
          class="c15 c16"
          for="weather"
          id="label"
        >
          Sunny
        </span>
      </label>
      <label
        aria-describedby="label"
        aria-invalid="false"
        aria-label="Windy"
        aria-required="false"
        class="c9 c10 c5 c1"
      >
        <input
          class="c11 c12"
          id="weather"
          name="weather"
          type="radio"
          value="\\"windy\\""
        />
        <div
          class="c13 c14 c1"
        />
        <span
          class="c15 c16"
          for="weather"
          id="label"
        >
          Windy
        </span>
      </label>
      <label
        aria-describedby="label"
        aria-invalid="false"
        aria-label="Overcast"
        aria-required="false"
        class="c9 c10 c5 c1"
      >
        <input
          class="c11 c12"
          id="weather"
          name="weather"
          type="radio"
          value="\\"overcast\\""
        />
        <div
          class="c13 c14 c1"
        />
        <span
          class="c15 c16"
          for="weather"
          id="label"
        >
          Overcast
        </span>
      </label>
    </div>
    <div />
  </div>
</div>
`;

exports[`states renders correctly for an RadioGroupField with state success 1`] = `
.c1 {
  margin: unset;
  padding: unset;
  border: unset;
  background: unset;
  font: unset;
  font-family: inherit;
  font-size: 100%;
  box-sizing: border-box;
  background-color: unset;
  color: inherit;
}

.c6 {
  margin: unset;
  padding: unset;
  border: unset;
  background: unset;
  font: unset;
  font-family: inherit;
  font-size: 100%;
  box-sizing: border-box;
  background-color: unset;
  color: inherit;
  margin-bottom: 0.25rem !important;
}

.c8 {
  margin: unset;
  padding: unset;
  border: unset;
  background: unset;
  font: unset;
  font-family: inherit;
  font-size: 100%;
  box-sizing: border-box;
  background-color: unset;
  color: inherit;
  margin-top: 0.5rem !important;
}

.c12 {
  margin: unset;
  padding: unset;
  border: unset;
  background: unset;
  font: unset;
  font-family: inherit;
  font-size: 100%;
  box-sizing: border-box;
  background-color: white;
  color: inherit;
}

.c16 {
  margin: unset;
  padding: unset;
  border: unset;
  background: unset;
  font: unset;
  font-family: inherit;
  font-size: 100%;
  box-sizing: border-box;
  background-color: unset;
  color: inherit;
  margin-left: 0.5rem !important;
}

.c0 {
  box-sizing: border-box;
  font-family: system-ui,-apple-system,BlinkMacSystemFont,'Segoe UI',Roboto,Oxygen,Ubuntu,Cantarell,'Fira Sans', 'Droid Sans','Helvetica Neue',sans-serif;
  font-size: 16px;
  font-weight: 400;
  line-height: 1.5;
  margin: 0;
  padding: 0;
  overflow-x: hidden;
  -webkit-font-smoothing: antialiased;
  text-rendering: optimizeLegibility;
  color: #435a6f;
  fill: #435a6f;
}

.c0 *,
.c0 *::before,
.c0 *::after {
  box-sizing: inherit;
}

.c0 *:focus {
  outline: 2px solid #7467c0;
  outline-offset: 2px;
}

.c5 {
  display: inline-block;
}

.c2 {
  display: -webkit-box;
  display: -webkit-flex;
  display: -ms-flexbox;
  display: flex;
}

.c14 {
  border: 1px solid #bdbdbd;
  box-shadow: inset 0px 1px 2px #e5e5e5;
  border-radius: 100%;
  height: 1em;
  position: relative;
  width: 1em;
}

.c14 {
  border-color: #4ca26c;
  box-shadow: #4ca26c 0px 0px 0px 1px !important;
}

.c17[disabled] + .c13 {
  background-color: #f2f2f2;
  box-shadow: unset;
}

.c17:checked:focus + .c13 {
  border-color: #7467c0;
  box-shadow: #7467c0 0px 0px 0px 1px !important;
}

.c17:focus + .c13 {
  border-color: #7467c0;
  box-shadow: #7467c0 0px 0px 0px 1px !important;
}

.c17:not([disabled]):checked + .c13 {
  border-color: #7467c0;
}

.c17:checked + .c13::before {
  background: #7467c0;
  border-radius: 50%;
  content: '';
  height: 8px;
  left: 50%;
  position: absolute;
  top: 50%;
  -webkit-transform: translate(-50%,-50%);
  -ms-transform: translate(-50%,-50%);
  transform: translate(-50%,-50%);
  width: 8px;
}

.c17[disabled]:checked + .c13::before {
  background: #9a9a9a;
}

.c11 {
  -webkit-clip: rect(0,0,0,0);
  clip: rect(0,0,0,0);
  height: 1px;
  margin: -1px;
  overflow: hidden;
  position: absolute;
  width: 1px;
}

.c11[disabled] + .c13 {
  background-color: #f2f2f2;
  box-shadow: unset;
}

.c11:checked:focus + .c13 {
  border-color: #7467c0;
  box-shadow: #7467c0 0px 0px 0px 1px !important;
}

.c11:focus + .c13 {
  border-color: #7467c0;
  box-shadow: #7467c0 0px 0px 0px 1px !important;
}

.c11:not([disabled]):checked + .c13 {
  border-color: #7467c0;
}

.c11:checked + .c13 {
  box-shadow: #7467c0 0px 0px 0px 1px !important;
}

.c11:checked + .c13::before {
  background: #7467c0;
  border-radius: 50%;
  content: '';
  height: 8px;
  left: 50%;
  position: absolute;
  top: 50%;
  -webkit-transform: translate(-50%,-50%);
  -ms-transform: translate(-50%,-50%);
  transform: translate(-50%,-50%);
  width: 8px;
}

.c11[disabled]:checked + .c13::before {
  background: #9a9a9a;
}

.c10 {
  display: -webkit-box;
  display: -webkit-flex;
  display: -ms-flexbox;
  display: flex;
  -webkit-align-items: center;
  -webkit-box-align: center;
  -ms-flex-align: center;
  align-items: center;
}

.c7 .c9:not(:last-child) {
  margin-bottom: 0.5rem;
}

abbr.c15 {
  border-bottom: 1px dotted;
  cursor: help;
  -webkit-text-decoration: none;
  text-decoration: none;
}

i.c15 {
  font-style: italic;
}

kbd.c15 {
  background: #454d5d;
  border-radius: 0.1rem;
  color: #fff;
  fill: #fff;
  padding: 0.1rem 0.2rem;
}

mark.c15 {
  background: #ffe9b3;
  border-radius: 0.1rem;
  padding: 0.1rem 0.2rem;
}

strong.c15 {
  font-weight: bold;
}

sub.c15,
sup.c15 {
  font-size: 0.8em;
  vertical-align: baseline;
}

ins.c15,
u.c15 {
  -webkit-text-decoration-skip: ink edges;
  text-decoration-skip: ink edges;
}

i.c15,
cite.c15,
var.c15,
em.c15 {
  font-style: italic;
}

kbd.c15,
pre.c15,
samp.c15 {
  font-family: 'SF Mono','Segoe UI Mono','Roboto Mono',Menlo,Courier,monospace;
}

.c15 .c18 {
  top: 0.1em;
}

.c4 {
  display: block;
}

.c3 {
  margin-bottom: 0 !important;
}

<div
  class="c0 c1"
>
  <div
    class="c1"
    display="inline-block"
    style="display: inline-block;"
  >
    <div
      class="c2 c1"
      style="align-items: center;"
    >
      <label
        class="c3 c4 c5 c6"
        font-weight="600"
        for="weather"
        style="font-weight: 600;"
      >
        Weather
      </label>
    </div>
    <div />
    <div
      aria-describedby="label"
      aria-invalid="false"
      class="c7 c8"
      role="group"
    >
      <label
        aria-describedby="label"
        aria-invalid="false"
        aria-label="Sunny"
        aria-required="false"
        class="c9 c10 c5 c1"
      >
        <input
          class="c11 c12"
          id="weather"
          name="weather"
          type="radio"
          value="\\"sunny\\""
        />
        <div
          class="c13 c14 c1"
        />
        <span
          class="c15 c16"
          for="weather"
          id="label"
        >
          Sunny
        </span>
      </label>
      <label
        aria-describedby="label"
        aria-invalid="false"
        aria-label="Windy"
        aria-required="false"
        class="c9 c10 c5 c1"
      >
        <input
          class="c11 c12"
          id="weather"
          name="weather"
          type="radio"
          value="\\"windy\\""
        />
        <div
          class="c13 c14 c1"
        />
        <span
          class="c15 c16"
          for="weather"
          id="label"
        >
          Windy
        </span>
      </label>
      <label
        aria-describedby="label"
        aria-invalid="false"
        aria-label="Overcast"
        aria-required="false"
        class="c9 c10 c5 c1"
      >
        <input
          class="c11 c12"
          id="weather"
          name="weather"
          type="radio"
          value="\\"overcast\\""
        />
        <div
          class="c13 c14 c1"
        />
        <span
          class="c15 c16"
          for="weather"
          id="label"
        >
          Overcast
        </span>
      </label>
    </div>
    <div />
  </div>
</div>
`;

exports[`states renders correctly for an RadioGroupField with state warning 1`] = `
.c1 {
  margin: unset;
  padding: unset;
  border: unset;
  background: unset;
  font: unset;
  font-family: inherit;
  font-size: 100%;
  box-sizing: border-box;
  background-color: unset;
  color: inherit;
}

.c6 {
  margin: unset;
  padding: unset;
  border: unset;
  background: unset;
  font: unset;
  font-family: inherit;
  font-size: 100%;
  box-sizing: border-box;
  background-color: unset;
  color: inherit;
  margin-bottom: 0.25rem !important;
}

.c8 {
  margin: unset;
  padding: unset;
  border: unset;
  background: unset;
  font: unset;
  font-family: inherit;
  font-size: 100%;
  box-sizing: border-box;
  background-color: unset;
  color: inherit;
  margin-top: 0.5rem !important;
}

.c12 {
  margin: unset;
  padding: unset;
  border: unset;
  background: unset;
  font: unset;
  font-family: inherit;
  font-size: 100%;
  box-sizing: border-box;
  background-color: white;
  color: inherit;
}

.c16 {
  margin: unset;
  padding: unset;
  border: unset;
  background: unset;
  font: unset;
  font-family: inherit;
  font-size: 100%;
  box-sizing: border-box;
  background-color: unset;
  color: inherit;
  margin-left: 0.5rem !important;
}

.c0 {
  box-sizing: border-box;
  font-family: system-ui,-apple-system,BlinkMacSystemFont,'Segoe UI',Roboto,Oxygen,Ubuntu,Cantarell,'Fira Sans', 'Droid Sans','Helvetica Neue',sans-serif;
  font-size: 16px;
  font-weight: 400;
  line-height: 1.5;
  margin: 0;
  padding: 0;
  overflow-x: hidden;
  -webkit-font-smoothing: antialiased;
  text-rendering: optimizeLegibility;
  color: #435a6f;
  fill: #435a6f;
}

.c0 *,
.c0 *::before,
.c0 *::after {
  box-sizing: inherit;
}

.c0 *:focus {
  outline: 2px solid #7467c0;
  outline-offset: 2px;
}

.c5 {
  display: inline-block;
}

.c2 {
  display: -webkit-box;
  display: -webkit-flex;
  display: -ms-flexbox;
  display: flex;
}

.c14 {
  border: 1px solid #bdbdbd;
  box-shadow: inset 0px 1px 2px #e5e5e5;
  border-radius: 100%;
  height: 1em;
  position: relative;
  width: 1em;
}

.c14 {
  border-color: #ffc94c;
  box-shadow: #ffc94c 0px 0px 0px 1px !important;
}

.c17[disabled] + .c13 {
  background-color: #f2f2f2;
  box-shadow: unset;
}

.c17:checked:focus + .c13 {
  border-color: #7467c0;
  box-shadow: #7467c0 0px 0px 0px 1px !important;
}

.c17:focus + .c13 {
  border-color: #7467c0;
  box-shadow: #7467c0 0px 0px 0px 1px !important;
}

.c17:not([disabled]):checked + .c13 {
  border-color: #7467c0;
}

.c17:checked + .c13::before {
  background: #7467c0;
  border-radius: 50%;
  content: '';
  height: 8px;
  left: 50%;
  position: absolute;
  top: 50%;
  -webkit-transform: translate(-50%,-50%);
  -ms-transform: translate(-50%,-50%);
  transform: translate(-50%,-50%);
  width: 8px;
}

.c17[disabled]:checked + .c13::before {
  background: #9a9a9a;
}

.c11 {
  -webkit-clip: rect(0,0,0,0);
  clip: rect(0,0,0,0);
  height: 1px;
  margin: -1px;
  overflow: hidden;
  position: absolute;
  width: 1px;
}

.c11[disabled] + .c13 {
  background-color: #f2f2f2;
  box-shadow: unset;
}

.c11:checked:focus + .c13 {
  border-color: #7467c0;
  box-shadow: #7467c0 0px 0px 0px 1px !important;
}

.c11:focus + .c13 {
  border-color: #7467c0;
  box-shadow: #7467c0 0px 0px 0px 1px !important;
}

.c11:not([disabled]):checked + .c13 {
  border-color: #7467c0;
}

.c11:checked + .c13 {
  box-shadow: #7467c0 0px 0px 0px 1px !important;
}

.c11:checked + .c13::before {
  background: #7467c0;
  border-radius: 50%;
  content: '';
  height: 8px;
  left: 50%;
  position: absolute;
  top: 50%;
  -webkit-transform: translate(-50%,-50%);
  -ms-transform: translate(-50%,-50%);
  transform: translate(-50%,-50%);
  width: 8px;
}

.c11[disabled]:checked + .c13::before {
  background: #9a9a9a;
}

.c10 {
  display: -webkit-box;
  display: -webkit-flex;
  display: -ms-flexbox;
  display: flex;
  -webkit-align-items: center;
  -webkit-box-align: center;
  -ms-flex-align: center;
  align-items: center;
}

.c7 .c9:not(:last-child) {
  margin-bottom: 0.5rem;
}

abbr.c15 {
  border-bottom: 1px dotted;
  cursor: help;
  -webkit-text-decoration: none;
  text-decoration: none;
}

i.c15 {
  font-style: italic;
}

kbd.c15 {
  background: #454d5d;
  border-radius: 0.1rem;
  color: #fff;
  fill: #fff;
  padding: 0.1rem 0.2rem;
}

mark.c15 {
  background: #ffe9b3;
  border-radius: 0.1rem;
  padding: 0.1rem 0.2rem;
}

strong.c15 {
  font-weight: bold;
}

sub.c15,
sup.c15 {
  font-size: 0.8em;
  vertical-align: baseline;
}

ins.c15,
u.c15 {
  -webkit-text-decoration-skip: ink edges;
  text-decoration-skip: ink edges;
}

i.c15,
cite.c15,
var.c15,
em.c15 {
  font-style: italic;
}

kbd.c15,
pre.c15,
samp.c15 {
  font-family: 'SF Mono','Segoe UI Mono','Roboto Mono',Menlo,Courier,monospace;
}

.c15 .c18 {
  top: 0.1em;
}

.c4 {
  display: block;
}

.c3 {
  margin-bottom: 0 !important;
}

<div
  class="c0 c1"
>
  <div
    class="c1"
    display="inline-block"
    style="display: inline-block;"
  >
    <div
      class="c2 c1"
      style="align-items: center;"
    >
      <label
        class="c3 c4 c5 c6"
        font-weight="600"
        for="weather"
        style="font-weight: 600;"
      >
        Weather
      </label>
    </div>
    <div />
    <div
      aria-describedby="label"
      aria-invalid="false"
      class="c7 c8"
      role="group"
    >
      <label
        aria-describedby="label"
        aria-invalid="false"
        aria-label="Sunny"
        aria-required="false"
        class="c9 c10 c5 c1"
      >
        <input
          class="c11 c12"
          id="weather"
          name="weather"
          type="radio"
          value="\\"sunny\\""
        />
        <div
          class="c13 c14 c1"
        />
        <span
          class="c15 c16"
          for="weather"
          id="label"
        >
          Sunny
        </span>
      </label>
      <label
        aria-describedby="label"
        aria-invalid="false"
        aria-label="Windy"
        aria-required="false"
        class="c9 c10 c5 c1"
      >
        <input
          class="c11 c12"
          id="weather"
          name="weather"
          type="radio"
          value="\\"windy\\""
        />
        <div
          class="c13 c14 c1"
        />
        <span
          class="c15 c16"
          for="weather"
          id="label"
        >
          Windy
        </span>
      </label>
      <label
        aria-describedby="label"
        aria-invalid="false"
        aria-label="Overcast"
        aria-required="false"
        class="c9 c10 c5 c1"
      >
        <input
          class="c11 c12"
          id="weather"
          name="weather"
          type="radio"
          value="\\"overcast\\""
        />
        <div
          class="c13 c14 c1"
        />
        <span
          class="c15 c16"
          for="weather"
          id="label"
        >
          Overcast
        </span>
      </label>
    </div>
    <div />
  </div>
</div>
`;
