// Jest Snapshot v1, https://goo.gl/fbAQLP

exports[`renders correctly for a basic link 1`] = `
.c1 {
  margin: unset;
  padding: unset;
  border: unset;
  background: unset;
  font: unset;
  font-family: inherit;
  font-size: 100%;
  box-sizing: border-box;
  background-color: unset;
  color: inherit;
}

.c3 {
  margin: unset;
  padding: unset;
  border: unset;
  background: unset;
  font: unset;
  font-family: inherit;
  font-size: 100%;
  box-sizing: border-box;
  background-color: unset;
  color: #112ebb;
}

.c0 {
  box-sizing: border-box;
  font-family: system-ui,-apple-system,BlinkMacSystemFont,'Segoe UI',Roboto,Oxygen,Ubuntu,Cantarell,'Fira Sans', 'Droid Sans','Helvetica Neue',sans-serif;
  font-size: 16px;
  font-weight: 400;
  line-height: 1.5;
  margin: 0;
  padding: 0;
  overflow-x: hidden;
  -webkit-font-smoothing: antialiased;
  text-rendering: optimizeLegibility;
  color: #435a6f;
}

.c0 *,
.c0 *::before,
.c0 *::after {
  box-sizing: inherit;
}

.c0 *:focus {
  outline: 2px solid #112ebb;
  outline-offset: 2px;
}

.c2 {
  color: #112ebb;
  cursor: pointer;
  -webkit-text-decoration: underline;
  text-decoration: underline;
  -webkit-text-decoration-skip: ink edges;
  text-decoration-skip: ink edges;
}

.c2:hover {
  color: #000;
}

<div
  class="c0 c1"
>
  <a
    class="c2 c3"
  >
    test
  </a>
</div>
`;
