// Jest Snapshot v1, https://goo.gl/fbAQLP

exports[`renders correctly 1`] = `
.c2 {
  margin: unset;
  padding: unset;
  border: unset;
  background: unset;
  font: unset;
  font-family: inherit;
  font-size: 100%;
  box-sizing: border-box;
  background-color: unset;
  color: inherit;
}

.c2:focus:not(:focus-visible) {
  outline: none;
}

.c1 {
  font-weight: 700;
  line-height: 1.2;
}

.c1:not(:last-child) {
  margin-bottom: 1rem;
}

.heading.c1 + .sub-heading {
  margin-top: -1rem;
}

h1.c1 {
  font-size: 3rem;
}

h2.c1 {
  font-size: 2.5rem;
}

h3.c1 {
  font-size: 2rem;
}

h4.c1 {
  font-size: 1.5rem;
}

h5.c1 {
  font-size: 1.25rem;
}

h6.c1 {
  font-size: 1rem;
}

.c1 .c3 {
  top: 0.15em;
}

.c0 {
  font-weight: 600;
}

.c0.c0:not(:last-child) {
  margin-bottom: 0.5em;
}

<h6
  class="c0 heading c1 c2"
>
  AlertTitle
</h6>
`;
